Component: ARM Compiler 5.06 update 7 (build 960) Tool: armlink [4d3601]

==============================================================================

Section Cross References

    main.o(i.EXTI4_IRQHandler) refers to delay.o(i.delay_ms) for delay_ms
    main.o(i.EXTI4_IRQHandler) refers to stm32f4xx_exti.o(i.EXTI_ClearITPendingBit) for EXTI_ClearITPendingBit
    main.o(i.EXTI4_IRQHandler) refers to main.o(.data) for num
    main.o(i.main) refers to misc.o(i.NVIC_PriorityGroupConfig) for NVIC_PriorityGroupConfig
    main.o(i.main) refers to usart1.o(i.Usart1_Init) for Usart1_Init
    main.o(i.main) refers to encoder.o(i.TIM3_Encoder_Init) for TIM3_Encoder_Init
    main.o(i.main) refers to encoder.o(i.TIM4_Encoder_Init) for TIM4_Encoder_Init
    main.o(i.main) refers to motor.o(i.Motor_Init) for Motor_Init
    main.o(i.main) refers to delay.o(i.delay_init) for delay_init
    main.o(i.main) refers to led.o(i.LED_Init) for LED_Init
    main.o(i.main) refers to oled.o(i.OLED_Init) for OLED_Init
    main.o(i.main) refers to key.o(i.KEY0_Init) for KEY0_Init
    main.o(i.main) refers to key.o(i.Exti_Init) for Exti_Init
    main.o(i.main) refers to tim1.o(i.TIM10_PWM_Init) for TIM10_PWM_Init
    main.o(i.main) refers to tim1.o(i.TIM11_PWM_Init) for TIM11_PWM_Init
    main.o(i.main) refers to oled.o(i.OLED_ShowString) for OLED_ShowString
    main.o(i.main) refers to oled.o(i.OLED_Refresh) for OLED_Refresh
    main.o(i.main) refers to delay.o(i.delay_ms) for delay_ms
    main.o(i.main) refers to usart1.o(i.newdepth_jieshou) for newdepth_jieshou
    main.o(i.main) refers to stm32f4xx_tim.o(i.TIM_SetCompare1) for TIM_SetCompare1
    main.o(i.main) refers to oled.o(i.OLED_ShowNum) for OLED_ShowNum
    main.o(i.main) refers to motor.o(i.Moror_Left) for Moror_Left
    main.o(i.main) refers to motor.o(i.Moror_Right) for Moror_Right
    main.o(i.main) refers to main.o(.data) for depth
    main.o(i.main) refers to usart1.o(.data) for newdepth
    system_stm32f4xx.o(i.SystemCoreClockUpdate) refers to system_stm32f4xx.o(.data) for SystemCoreClock
    system_stm32f4xx.o(i.SystemInit) refers to system_stm32f4xx.o(i.SetSysClock) for SetSysClock
    encoder.o(i.TIM3_Encoder_Init) refers to stm32f4xx_rcc.o(i.RCC_APB1PeriphClockCmd) for RCC_APB1PeriphClockCmd
    encoder.o(i.TIM3_Encoder_Init) refers to stm32f4xx_rcc.o(i.RCC_AHB1PeriphClockCmd) for RCC_AHB1PeriphClockCmd
    encoder.o(i.TIM3_Encoder_Init) refers to stm32f4xx_gpio.o(i.GPIO_Init) for GPIO_Init
    encoder.o(i.TIM3_Encoder_Init) refers to stm32f4xx_gpio.o(i.GPIO_PinAFConfig) for GPIO_PinAFConfig
    encoder.o(i.TIM3_Encoder_Init) refers to stm32f4xx_tim.o(i.TIM_TimeBaseInit) for TIM_TimeBaseInit
    encoder.o(i.TIM3_Encoder_Init) refers to stm32f4xx_tim.o(i.TIM_EncoderInterfaceConfig) for TIM_EncoderInterfaceConfig
    encoder.o(i.TIM3_Encoder_Init) refers to stm32f4xx_tim.o(i.TIM_ICInit) for TIM_ICInit
    encoder.o(i.TIM3_Encoder_Init) refers to stm32f4xx_tim.o(i.TIM_ITConfig) for TIM_ITConfig
    encoder.o(i.TIM3_Encoder_Init) refers to stm32f4xx_tim.o(i.TIM_SetCounter) for TIM_SetCounter
    encoder.o(i.TIM3_Encoder_Init) refers to stm32f4xx_tim.o(i.TIM_Cmd) for TIM_Cmd
    encoder.o(i.TIM4_Encoder_Init) refers to stm32f4xx_rcc.o(i.RCC_APB1PeriphClockCmd) for RCC_APB1PeriphClockCmd
    encoder.o(i.TIM4_Encoder_Init) refers to stm32f4xx_rcc.o(i.RCC_AHB1PeriphClockCmd) for RCC_AHB1PeriphClockCmd
    encoder.o(i.TIM4_Encoder_Init) refers to stm32f4xx_gpio.o(i.GPIO_Init) for GPIO_Init
    encoder.o(i.TIM4_Encoder_Init) refers to stm32f4xx_gpio.o(i.GPIO_PinAFConfig) for GPIO_PinAFConfig
    encoder.o(i.TIM4_Encoder_Init) refers to stm32f4xx_tim.o(i.TIM_TimeBaseInit) for TIM_TimeBaseInit
    encoder.o(i.TIM4_Encoder_Init) refers to stm32f4xx_tim.o(i.TIM_EncoderInterfaceConfig) for TIM_EncoderInterfaceConfig
    encoder.o(i.TIM4_Encoder_Init) refers to stm32f4xx_tim.o(i.TIM_ICInit) for TIM_ICInit
    encoder.o(i.TIM4_Encoder_Init) refers to stm32f4xx_tim.o(i.TIM_ITConfig) for TIM_ITConfig
    encoder.o(i.TIM4_Encoder_Init) refers to stm32f4xx_tim.o(i.TIM_SetCounter) for TIM_SetCounter
    encoder.o(i.TIM4_Encoder_Init) refers to stm32f4xx_tim.o(i.TIM_Cmd) for TIM_Cmd
    motor.o(i.Motor_Init) refers to stm32f4xx_rcc.o(i.RCC_AHB1PeriphClockCmd) for RCC_AHB1PeriphClockCmd
    motor.o(i.Motor_Init) refers to stm32f4xx_gpio.o(i.GPIO_Init) for GPIO_Init
    tim1.o(i.TIM10_PWM_Init) refers to stm32f4xx_rcc.o(i.RCC_APB2PeriphClockCmd) for RCC_APB2PeriphClockCmd
    tim1.o(i.TIM10_PWM_Init) refers to stm32f4xx_rcc.o(i.RCC_AHB1PeriphClockCmd) for RCC_AHB1PeriphClockCmd
    tim1.o(i.TIM10_PWM_Init) refers to stm32f4xx_gpio.o(i.GPIO_PinAFConfig) for GPIO_PinAFConfig
    tim1.o(i.TIM10_PWM_Init) refers to stm32f4xx_gpio.o(i.GPIO_Init) for GPIO_Init
    tim1.o(i.TIM10_PWM_Init) refers to stm32f4xx_tim.o(i.TIM_TimeBaseInit) for TIM_TimeBaseInit
    tim1.o(i.TIM10_PWM_Init) refers to stm32f4xx_tim.o(i.TIM_OC1Init) for TIM_OC1Init
[...]
    Removing stm32f4xx_syscfg.o(i.SYSCFG_GetCompensationCellStatus), (24 bytes).
    Removing stm32f4xx_syscfg.o(i.SYSCFG_MemoryRemapConfig), (12 bytes).
    Removing stm32f4xx_syscfg.o(i.SYSCFG_MemorySwappingBank), (12 bytes).
    Removing stm32f4xx_usart.o(.rev16_text), (4 bytes).
    Removing stm32f4xx_usart.o(.revsh_text), (4 bytes).
    Removing stm32f4xx_usart.o(i.USART_ClearFlag), (18 bytes).
    Removing stm32f4xx_usart.o(i.USART_ClearITPendingBit), (30 bytes).
    Removing stm32f4xx_usart.o(i.USART_ClockInit), (32 bytes).
    Removing stm32f4xx_usart.o(i.USART_ClockStructInit), (12 bytes).
    Removing stm32f4xx_usart.o(i.USART_DMACmd), (18 bytes).
    Removing stm32f4xx_usart.o(i.USART_GetFlagStatus), (26 bytes).
    Removing stm32f4xx_usart.o(i.USART_HalfDuplexCmd), (24 bytes).
    Removing stm32f4xx_usart.o(i.USART_IrDACmd), (24 bytes).
    Removing stm32f4xx_usart.o(i.USART_IrDAConfig), (18 bytes).
    Removing stm32f4xx_usart.o(i.USART_LINBreakDetectLengthConfig), (18 bytes).
    Removing stm32f4xx_usart.o(i.USART_LINCmd), (24 bytes).
    Removing stm32f4xx_usart.o(i.USART_OneBitMethodCmd), (24 bytes).
    Removing stm32f4xx_usart.o(i.USART_OverSampling8Cmd), (22 bytes).
    Removing stm32f4xx_usart.o(i.USART_ReceiverWakeUpCmd), (24 bytes).
    Removing stm32f4xx_usart.o(i.USART_SendBreak), (10 bytes).
    Removing stm32f4xx_usart.o(i.USART_SendData), (8 bytes).
    Removing stm32f4xx_usart.o(i.USART_SetAddress), (18 bytes).
    Removing stm32f4xx_usart.o(i.USART_SetGuardTime), (16 bytes).
    Removing stm32f4xx_usart.o(i.USART_SetPrescaler), (16 bytes).
    Removing stm32f4xx_usart.o(i.USART_SmartCardCmd), (24 bytes).
    Removing stm32f4xx_usart.o(i.USART_SmartCardNACKCmd), (24 bytes).
    Removing stm32f4xx_usart.o(i.USART_StructInit), (24 bytes).
    Removing stm32f4xx_usart.o(i.USART_WakeUpConfig), (18 bytes).
    Removing stm32f4xx_tim.o(.rev16_text), (4 bytes).
    Removing stm32f4xx_tim.o(.revsh_text), (4 bytes).
    Removing stm32f4xx_tim.o(i.TIM_BDTRConfig), (32 bytes).
    Removing stm32f4xx_tim.o(i.TIM_BDTRStructInit), (18 bytes).
    Removing stm32f4xx_tim.o(i.TIM_CCPreloadControl), (24 bytes).
    Removing stm32f4xx_tim.o(i.TIM_CCxCmd), (30 bytes).
    Removing stm32f4xx_tim.o(i.TIM_CCxNCmd), (30 bytes).
    Removing stm32f4xx_tim.o(i.TIM_ClearFlag), (6 bytes).
    Removing stm32f4xx_tim.o(i.TIM_ClearITPendingBit), (6 bytes).
    Removing stm32f4xx_tim.o(i.TIM_ClearOC1Ref), (18 bytes).
    Removing stm32f4xx_tim.o(i.TIM_ClearOC2Ref), (24 bytes).
    Removing stm32f4xx_tim.o(i.TIM_ClearOC3Ref), (18 bytes).
    Removing stm32f4xx_tim.o(i.TIM_ClearOC4Ref), (24 bytes).
    Removing stm32f4xx_tim.o(i.TIM_CounterModeConfig), (18 bytes).
    Removing stm32f4xx_tim.o(i.TIM_CtrlPWMOutputs), (30 bytes).
    Removing stm32f4xx_tim.o(i.TIM_DMACmd), (18 bytes).
    Removing stm32f4xx_tim.o(i.TIM_DMAConfig), (10 bytes).
    Removing stm32f4xx_tim.o(i.TIM_DeInit), (400 bytes).
    Removing stm32f4xx_tim.o(i.TIM_ETRClockMode1Config), (54 bytes).
    Removing stm32f4xx_tim.o(i.TIM_ETRClockMode2Config), (32 bytes).
    Removing stm32f4xx_tim.o(i.TIM_ETRConfig), (28 bytes).
    Removing stm32f4xx_tim.o(i.TIM_ForcedOC1Config), (18 bytes).
    Removing stm32f4xx_tim.o(i.TIM_ForcedOC2Config), (26 bytes).
    Removing stm32f4xx_tim.o(i.TIM_ForcedOC3Config), (18 bytes).
    Removing stm32f4xx_tim.o(i.TIM_ForcedOC4Config), (26 bytes).
    Removing stm32f4xx_tim.o(i.TIM_GenerateEvent), (4 bytes).
    Removing stm32f4xx_tim.o(i.TIM_GetCapture1), (6 bytes).
    Removing stm32f4xx_tim.o(i.TIM_GetCapture2), (6 bytes).
    Removing stm32f4xx_tim.o(i.TIM_GetCapture3), (6 bytes).
    Removing stm32f4xx_tim.o(i.TIM_GetCapture4), (6 bytes).
    Removing stm32f4xx_tim.o(i.TIM_GetCounter), (6 bytes).
    Removing stm32f4xx_tim.o(i.TIM_GetFlagStatus), (18 bytes).
    Removing stm32f4xx_tim.o(i.TIM_GetITStatus), (34 bytes).
    Removing stm32f4xx_tim.o(i.TIM_GetPrescaler), (6 bytes).
    Removing stm32f4xx_tim.o(i.TIM_ICStructInit), (18 bytes).
    Removing stm32f4xx_tim.o(i.TIM_ITRxExternalClockConfig), (24 bytes).
    Removing stm32f4xx_tim.o(i.TIM_InternalClockConfig), (12 bytes).
    Removing stm32f4xx_tim.o(i.TIM_OC1FastConfig), (18 bytes).
    Removing stm32f4xx_tim.o(i.TIM_OC1NPolarityConfig), (18 bytes).
    Removing stm32f4xx_tim.o(i.TIM_OC1PolarityConfig), (18 bytes).
    Removing stm32f4xx_tim.o(i.TIM_OC2FastConfig), (26 bytes).
    Removing stm32f4xx_tim.o(i.TIM_OC2Init), (164 bytes).
    Removing stm32f4xx_tim.o(i.TIM_OC2NPolarityConfig), (26 bytes).
    Removing stm32f4xx_tim.o(i.TIM_OC2PolarityConfig), (26 bytes).
    Removing stm32f4xx_tim.o(i.TIM_OC2PreloadConfig), (26 bytes).
    Removing stm32f4xx_tim.o(i.TIM_OC3FastConfig), (18 bytes).
    Removing stm32f4xx_tim.o(i.TIM_OC3Init), (160 bytes).
    Removing stm32f4xx_tim.o(i.TIM_OC3NPolarityConfig), (26 bytes).
    Removing stm32f4xx_tim.o(i.TIM_OC3PolarityConfig), (26 bytes).
    Removing stm32f4xx_tim.o(i.TIM_OC3PreloadConfig), (18 bytes).
    Removing stm32f4xx_tim.o(i.TIM_OC4FastConfig), (26 bytes).
    Removing stm32f4xx_tim.o(i.TIM_OC4Init), (120 bytes).
    Removing stm32f4xx_tim.o(i.TIM_OC4PolarityConfig), (26 bytes).
    Removing stm32f4xx_tim.o(i.TIM_OC4PreloadConfig), (26 bytes).
    Removing stm32f4xx_tim.o(i.TIM_OCStructInit), (20 bytes).
    Removing stm32f4xx_tim.o(i.TIM_PWMIConfig), (124 bytes).
    Removing stm32f4xx_tim.o(i.TIM_PrescalerConfig), (6 bytes).
    Removing stm32f4xx_tim.o(i.TIM_RemapConfig), (6 bytes).
    Removing stm32f4xx_tim.o(i.TIM_SelectCCDMA), (24 bytes).
    Removing stm32f4xx_tim.o(i.TIM_SelectCOM), (24 bytes).
    Removing stm32f4xx_tim.o(i.TIM_SelectHallSensor), (24 bytes).
    Removing stm32f4xx_tim.o(i.TIM_SelectInputTrigger), (18 bytes).
    Removing stm32f4xx_tim.o(i.TIM_SelectMasterSlaveMode), (18 bytes).
    Removing stm32f4xx_tim.o(i.TIM_SelectOCxM), (86 bytes).
    Removing stm32f4xx_tim.o(i.TIM_SelectOnePulseMode), (18 bytes).
    Removing stm32f4xx_tim.o(i.TIM_SelectOutputTrigger), (18 bytes).
    Removing stm32f4xx_tim.o(i.TIM_SelectSlaveMode), (18 bytes).
    Removing stm32f4xx_tim.o(i.TIM_SetAutoreload), (4 bytes).
    Removing stm32f4xx_tim.o(i.TIM_SetClockDivision), (18 bytes).
    Removing stm32f4xx_tim.o(i.TIM_SetCompare2), (4 bytes).
    Removing stm32f4xx_tim.o(i.TIM_SetCompare3), (4 bytes).
    Removing stm32f4xx_tim.o(i.TIM_SetCompare4), (4 bytes).
    Removing stm32f4xx_tim.o(i.TIM_TIxExternalClockConfig), (62 bytes).
    Removing stm32f4xx_tim.o(i.TIM_TimeBaseStructInit), (18 bytes).
    Removing stm32f4xx_tim.o(i.TIM_UpdateDisableConfig), (24 bytes).
    Removing stm32f4xx_tim.o(i.TIM_UpdateRequestConfig), (24 bytes).
    Removing stm32f4xx_exti.o(.rev16_text), (4 bytes).
    Removing stm32f4xx_exti.o(.revsh_text), (4 bytes).
    Removing stm32f4xx_exti.o(i.EXTI_ClearFlag), (12 bytes).
    Removing stm32f4xx_exti.o(i.EXTI_DeInit), (36 bytes).
    Removing stm32f4xx_exti.o(i.EXTI_GenerateSWInterrupt), (16 bytes).
    Removing stm32f4xx_exti.o(i.EXTI_GetFlagStatus), (24 bytes).
    Removing stm32f4xx_exti.o(i.EXTI_GetITStatus), (24 bytes).
    Removing stm32f4xx_exti.o(i.EXTI_StructInit), (16 bytes).

233 unused section(s) (total 7150 bytes) removed from the image.

==============================================================================

Image Symbol Table

    Local Symbols

    Symbol Name                              Value     Ov Type        Size  Object(Section)

    ../clib/angel/boardlib.s                 0x00000000   Number         0  boardshut.o ABSOLUTE
    ../clib/angel/boardlib.s                 0x00000000   Number         0  boardinit3.o ABSOLUTE
    ../clib/angel/boardlib.s                 0x00000000   Number         0  boardinit2.o ABSOLUTE
    ../clib/angel/boardlib.s                 0x00000000   Number         0  boardinit1.o ABSOLUTE
    ../clib/angel/handlers.s                 0x00000000   Number         0  __scatter_zi.o ABSOLUTE
    ../clib/angel/handlers.s                 0x00000000   Number         0  __scatter_copy.o ABSOLUTE
    ../clib/angel/kernel.s                   0x00000000   Number         0  __rtentry2.o ABSOLUTE
    ../clib/angel/kernel.s                   0x00000000   Number         0  rtexit2.o ABSOLUTE
    ../clib/angel/kernel.s                   0x00000000   Number         0  rtexit.o ABSOLUTE
    ../clib/angel/kernel.s                   0x00000000   Number         0  __rtentry4.o ABSOLUTE
    ../clib/angel/kernel.s                   0x00000000   Number         0  __rtentry.o ABSOLUTE
    ../clib/angel/rt.s                       0x00000000   Number         0  rt_raise.o ABSOLUTE
    ../clib/angel/scatter.s                  0x00000000   Number         0  __scatter.o ABSOLUTE
    ../clib/angel/startup.s                  0x00000000   Number         0  __main.o ABSOLUTE
    ../clib/angel/sys.s                      0x00000000   Number         0  use_no_semi.o ABSOLUTE
    ../clib/angel/sys.s                      0x00000000   Number         0  sys_stackheap_outer.o ABSOLUTE
    ../clib/angel/sys.s                      0x00000000   Number         0  use_no_semi_2.o ABSOLUTE
    ../clib/angel/sys.s                      0x00000000   Number         0  indicate_semi.o ABSOLUTE
    ../clib/angel/sys.s                      0x00000000   Number         0  libspace.o ABSOLUTE
    ../clib/angel/sysapp.c                   0x00000000   Number         0  sys_wrch.o ABSOLUTE
    ../clib/angel/sysapp.c                   0x00000000   Number         0  sys_command.o ABSOLUTE
    ../clib/armsys.c                         0x00000000   Number         0  argv_veneer.o ABSOLUTE
    ../clib/armsys.c                         0x00000000   Number         0  argv_veneer.o ABSOLUTE
    ../clib/armsys.c                         0x00000000   Number         0  _get_argv_nomalloc.o ABSOLUTE
    ../clib/armsys.c                         0x00000000   Number         0  no_argv.o ABSOLUTE
    ../clib/heapalloc.c                      0x00000000   Number         0  hrguard.o ABSOLUTE
    ../clib/heapaux.c                        0x00000000   Number         0  heapauxi.o ABSOLUTE
    ../clib/libinit.s                        0x00000000   Number         0  libshutdown2.o ABSOLUTE
    ../clib/libinit.s                        0x00000000   Number         0  libinit2.o ABSOLUTE
    ../clib/libinit.s                        0x00000000   Number         0  libinit.o ABSOLUTE
    ../clib/libinit.s                        0x00000000   Number         0  libshutdown.o ABSOLUTE
    ../clib/printf.c                         0x00000000   Number         0  _printf_dec.o ABSOLUTE
    ../clib/printf.c                         0x00000000   Number         0  __2printf.o ABSOLUTE
    ../clib/printf.c                         0x00000000   Number         0  __printf_nopercent.o ABSOLUTE
    ../clib/printf.c                         0x00000000   Number         0  noretval__2printf.o ABSOLUTE
    ../clib/printf.c                         0x00000000   Number         0  __printf.o ABSOLUTE
    ../clib/printf.c                         0x00000000   Number         0  __printf_flags.o ABSOLUTE
    ../clib/printf.c                         0x00000000   Number         0  _printf_char_file.o ABSOLUTE
    ../clib/printf.c                         0x00000000   Number         0  __printf_ss.o ABSOLUTE
    ../clib/printf.c                         0x00000000   Number         0  __printf_flags_ss.o ABSOLUTE
    ../clib/printf.c                         0x00000000   Number         0  _printf_intcommon.o ABSOLUTE
    ../clib/printf.c                         0x00000000   Number         0  __printf_wp.o ABSOLUTE
    ../clib/printf.c                         0x00000000   Number         0  __printf_flags_wp.o ABSOLUTE
    ../clib/printf.c                         0x00000000   Number         0  _printf_char_common.o ABSOLUTE
    ../clib/printf.c                         0x00000000   Number         0  __printf_flags_ss_wp.o ABSOLUTE
    ../clib/printf.c                         0x00000000   Number         0  __printf_ss_wp.o ABSOLUTE
    ../clib/printf_percent.s                 0x00000000   Number         0  _printf_percent_end.o ABSOLUTE
    ../clib/printf_percent.s                 0x00000000   Number         0  _printf_percent.o ABSOLUTE
    ../clib/printf_percent.s                 0x00000000   Number         0  _printf_d.o ABSOLUTE
    ../clib/signal.c                         0x00000000   Number         0  defsig_segv_inner.o ABSOLUTE
    ../clib/signal.c                         0x00000000   Number         0  defsig_cppl_inner.o ABSOLUTE
    ../clib/signal.c                         0x00000000   Number         0  defsig_pvfn_inner.o ABSOLUTE
    ../clib/signal.c                         0x00000000   Number         0  defsig_rtred_inner.o ABSOLUTE
    ../clib/signal.c                         0x00000000   Number         0  defsig_fpe_inner.o ABSOLUTE
    ../clib/signal.c                         0x00000000   Number         0  defsig_abrt_inner.o ABSOLUTE
    ../clib/signal.c                         0x00000000   Number         0  defsig_general.o ABSOLUTE
    ../clib/signal.c                         0x00000000   Number         0  __raise.o ABSOLUTE
    ../clib/signal.c                         0x00000000   Number         0  defsig_rtmem_inner.o ABSOLUTE
    ../clib/signal.c                         0x00000000   Number         0  defsig_rtmem_formal.o ABSOLUTE
    ../clib/signal.c                         0x00000000   Number         0  defsig_rtmem_outer.o ABSOLUTE
    ../clib/signal.c                         0x00000000   Number         0  defsig_stak_inner.o ABSOLUTE
    ../clib/signal.c                         0x00000000   Number         0  defsig_other.o ABSOLUTE
    ../clib/signal.c                         0x00000000   Number         0  defsig_exit.o ABSOLUTE
    ../clib/signal.s                         0x00000000   Number         0  defsig.o ABSOLUTE
    ../clib/stdio.c                          0x00000000   Number         0  ferror_locked.o ABSOLUTE
    ../clib/stdio.c                          0x00000000   Number         0  ferror.o ABSOLUTE
    ../clib/stdlib.c                         0x00000000   Number         0  exit.o ABSOLUTE
    ../fplib/fpinit.s                        0x00000000   Number         0  fpinit.o ABSOLUTE
    ..\CORE\startup_stm32f40_41xxx.s         0x00000000   Number         0  startup_stm32f40_41xxx.o ABSOLUTE
    ..\FWLIB\src\misc.c                      0x00000000   Number         0  misc.o ABSOLUTE
    ..\FWLIB\src\stm32f4xx_exti.c            0x00000000   Number         0  stm32f4xx_exti.o ABSOLUTE
    ..\FWLIB\src\stm32f4xx_gpio.c            0x00000000   Number         0  stm32f4xx_gpio.o ABSOLUTE
    ..\FWLIB\src\stm32f4xx_rcc.c             0x00000000   Number         0  stm32f4xx_rcc.o ABSOLUTE
    ..\FWLIB\src\stm32f4xx_syscfg.c          0x00000000   Number         0  stm32f4xx_syscfg.o ABSOLUTE
    ..\FWLIB\src\stm32f4xx_tim.c             0x00000000   Number         0  stm32f4xx_tim.o ABSOLUTE
    ..\FWLIB\src\stm32f4xx_usart.c           0x00000000   Number         0  stm32f4xx_usart.o ABSOLUTE
    ..\HARDWARE\ENCODER\encoder.c            0x00000000   Number         0  encoder.o ABSOLUTE
    ..\HARDWARE\KEY\key.c                    0x00000000   Number         0  key.o ABSOLUTE
    ..\HARDWARE\LED\led.c                    0x00000000   Number         0  led.o ABSOLUTE
    ..\HARDWARE\Motor\motor.c                0x00000000   Number         0  motor.o ABSOLUTE
    ..\HARDWARE\NVIC\nvic.c                  0x00000000   Number         0  nvic.o ABSOLUTE
    ..\HARDWARE\OLED\oled.c                  0x00000000   Number         0  oled.o ABSOLUTE
    ..\HARDWARE\RCC\bsp_rccclkconfig.c       0x00000000   Number         0  bsp_rccclkconfig.o ABSOLUTE
    ..\HARDWARE\SYSTICK\bsp_systick.c        0x00000000   Number         0  bsp_systick.o ABSOLUTE
    ..\HARDWARE\TIME\tim1.c                  0x00000000   Number         0  tim1.o ABSOLUTE
    ..\HARDWARE\TIME\tim3.c                  0x00000000   Number         0  tim3.o ABSOLUTE
    ..\HARDWARE\USART\usart1.c               0x00000000   Number         0  usart1.o ABSOLUTE
    ..\HARDWARE\USART\usart2.c               0x00000000   Number         0  usart2.o ABSOLUTE
    ..\HARDWARE\USART\usart3.c               0x00000000   Number         0  usart3.o ABSOLUTE
    ..\SYSTEM\delay\delay.c                  0x00000000   Number         0  delay.o ABSOLUTE
    ..\SYSTEM\sys\sys.c                      0x00000000   Number         0  sys.o ABSOLUTE
    ..\SYSTEM\usart\usart.c                  0x00000000   Number         0  usart.o ABSOLUTE
    ..\\FWLIB\\src\\misc.c                   0x00000000   Number         0  misc.o ABSOLUTE
    ..\\FWLIB\\src\\stm32f4xx_exti.c         0x00000000   Number         0  stm32f4xx_exti.o ABSOLUTE
    ..\\FWLIB\\src\\stm32f4xx_gpio.c         0x00000000   Number         0  stm32f4xx_gpio.o ABSOLUTE
    ..\\FWLIB\\src\\stm32f4xx_rcc.c          0x00000000   Number         0  stm32f4xx_rcc.o ABSOLUTE
    ..\\FWLIB\\src\\stm32f4xx_syscfg.c       0x00000000   Number         0  stm32f4xx_syscfg.o ABSOLUTE
    ..\\FWLIB\\src\\stm32f4xx_tim.c          0x00000000   Number         0  stm32f4xx_tim.o ABSOLUTE
    ..\\FWLIB\\src\\stm32f4xx_usart.c        0x00000000   Number         0  stm32f4xx_usart.o ABSOLUTE
    ..\\HARDWARE\\ENCODER\\encoder.c         0x00000000   Number         0  encoder.o ABSOLUTE
    ..\\HARDWARE\\KEY\\key.c                 0x00000000   Number         0  key.o ABSOLUTE
    ..\\HARDWARE\\LED\\led.c                 0x00000000   Number         0  led.o ABSOLUTE
    ..\\HARDWARE\\Motor\\motor.c             0x00000000   Number         0  motor.o ABSOLUTE
    ..\\HARDWARE\\OLED\\oled.c               0x00000000   Number         0  oled.o ABSOLUTE
    ..\\HARDWARE\\RCC\\bsp_rccclkconfig.c    0x00000000   Number         0  bsp_rccclkconfig.o ABSOLUTE
    ..\\HARDWARE\\TIME\\tim1.c               0x00000000   Number         0  tim1.o ABSOLUTE
    ..\\HARDWARE\\TIME\\tim3.c               0x00000000   Number         0  tim3.o ABSOLUTE
    ..\\HARDWARE\\USART\\usart1.c            0x00000000   Number         0  usart1.o ABSOLUTE
    ..\\HARDWARE\\USART\\usart2.c            0x00000000   Number         0  usart2.o ABSOLUTE
    ..\\HARDWARE\\USART\\usart3.c            0x00000000   Number         0  usart3.o ABSOLUTE
    ..\\SYSTEM\\delay\\delay.c               0x00000000   Number         0  delay.o ABSOLUTE
    ..\\SYSTEM\\sys\\sys.c                   0x00000000   Number         0  sys.o ABSOLUTE
    ..\\SYSTEM\\usart\\usart.c               0x00000000   Number         0  usart.o ABSOLUTE
    dc.s                                     0x00000000   Number         0  dc.o ABSOLUTE
    main.c                                   0x00000000   Number         0  main.o ABSOLUTE
    main.c                                   0x00000000   Number         0  main.o ABSOLUTE
    stm32f4xx_it.c                           0x00000000   Number         0  stm32f4xx_it.o ABSOLUTE
    stm32f4xx_it.c                           0x00000000   Number         0  stm32f4xx_it.o ABSOLUTE
    system_stm32f4xx.c                       0x00000000   Number         0  system_stm32f4xx.o ABSOLUTE
    system_stm32f4xx.c                       0x00000000   Number         0  system_stm32f4xx.o ABSOLUTE
    RESET                                    0x08000000   Section      392  startup_stm32f40_41xxx.o(RESET)
    !!!main                                  0x08000188   Section        8  __main.o(!!!main)
    !!!scatter                               0x08000190   Section       52  __scatter.o(!!!scatter)
    !!handler_copy                           0x080001c4   Section       26  __scatter_copy.o(!!handler_copy)
    !!handler_zi                             0x080001e0   Section       28  __scatter_zi.o(!!handler_zi)
    .ARM.Collect$$_printf_percent$$00000000  0x080001fc   Section        0  _printf_percent.o(.ARM.Collect$$_printf_percent$$00000000)
    .ARM.Collect$$_printf_percent$$00000009  0x080001fc   Section        6  _printf_d.o(.ARM.Collect$$_printf_percent$$00000009)
    .ARM.Collect$$_printf_percent$$00000017  0x08000202   Section        4  _printf_percent_end.o(.ARM.Collect$$_printf_percent$$00000017)
    .ARM.Collect$$libinit$$00000000          0x08000206   Section        2  libinit.o(.ARM.Collect$$libinit$$00000000)
    .ARM.Collect$$libinit$$00000001          0x08000208   Section        4  libinit2.o(.ARM.Collect$$libinit$$00000001)
    .ARM.Collect$$libinit$$00000004          0x0800020c   Section        0  libinit2.o(.ARM.Collect$$libinit$$00000004)
    .ARM.Collect$$libinit$$0000000A          0x0800020c   Section        0  libinit2.o(.ARM.Collect$$libinit$$0000000A)
    .ARM.Collect$$libinit$$0000000C          0x0800020c   Section        0  libinit2.o(.ARM.Collect$$libinit$$0000000C)
    .ARM.Collect$$libinit$$0000000E          0x0800020c   Section        0  libinit2.o(.ARM.Collect$$libinit$$0000000E)
    .ARM.Collect$$libinit$$00000011          0x0800020c   Section        0  libinit2.o(.ARM.Collect$$libinit$$00000011)
    .ARM.Collect$$libinit$$00000013          0x0800020c   Section        0  libinit2.o(.ARM.Collect$$libinit$$00000013)
    .ARM.Collect$$libinit$$00000015          0x0800020c   Section        0  libinit2.o(.ARM.Collect$$libinit$$00000015)
    .ARM.Collect$$libinit$$00000017          0x0800020c   Section        0  libinit2.o(.ARM.Collect$$libinit$$00000017)
    .ARM.Collect$$libinit$$00000019          0x0800020c   Section        0  libinit2.o(.ARM.Collect$$libinit$$00000019)
    .ARM.Collect$$libinit$$0000001B          0x0800020c   Section        0  libinit2.o(.ARM.Collect$$libinit$$0000001B)
    .ARM.Collect$$libinit$$0000001D          0x0800020c   Section        0  libinit2.o(.ARM.Collect$$libinit$$0000001D)
    .ARM.Collect$$libinit$$0000001F          0x0800020c   Section        0  libinit2.o(.ARM.Collect$$libinit$$0000001F)
    .ARM.Collect$$libinit$$00000021          0x0800020c   Section        0  libinit2.o(.ARM.Collect$$libinit$$00000021)
    .ARM.Collect$$libinit$$00000023          0x0800020c   Section        0  libinit2.o(.ARM.Collect$$libinit$$00000023)
    .ARM.Collect$$libinit$$00000025          0x0800020c   Section        0  libinit2.o(.ARM.Collect$$libinit$$00000025)
    .ARM.Collect$$libinit$$0000002C          0x0800020c   Section        0  libinit2.o(.ARM.Collect$$libinit$$0000002C)
    .ARM.Collect$$libinit$$0000002E          0x0800020c   Section        0  libinit2.o(.ARM.Collect$$libinit$$0000002E)
    .ARM.Collect$$libinit$$00000030          0x0800020c   Section        0  libinit2.o(.ARM.Collect$$libinit$$00000030)
    .ARM.Collect$$libinit$$00000032          0x0800020c   Section        0  libinit2.o(.ARM.Collect$$libinit$$00000032)
    .ARM.Collect$$libinit$$00000033          0x0800020c   Section        2  libinit2.o(.ARM.Collect$$libinit$$00000033)
    .ARM.Collect$$libshutdown$$00000000      0x0800020e   Section        2  libshutdown.o(.ARM.Collect$$libshutdown$$00000000)
    .ARM.Collect$$libshutdown$$00000002      0x08000210   Section        0  libshutdown2.o(.ARM.Collect$$libshutdown$$00000002)
    .ARM.Collect$$libshutdown$$00000004      0x08000210   Section        0  libshutdown2.o(.ARM.Collect$$libshutdown$$00000004)
    .ARM.Collect$$libshutdown$$00000006      0x08000210   Section        0  libshutdown2.o(.ARM.Collect$$libshutdown$$00000006)
    .ARM.Collect$$libshutdown$$00000009      0x08000210   Section        0  libshutdown2.o(.ARM.Collect$$libshutdown$$00000009)
    .ARM.Collect$$libshutdown$$0000000C      0x08000210   Section        0  libshutdown2.o(.ARM.Collect$$libshutdown$$0000000C)
    .ARM.Collect$$libshutdown$$0000000E      0x08000210   Section        0  libshutdown2.o(.ARM.Collect$$libshutdown$$0000000E)
    .ARM.Collect$$libshutdown$$00000011      0x08000210   Section        0  libshutdown2.o(.ARM.Collect$$libshutdown$$00000011)
    .ARM.Collect$$libshutdown$$00000012      0x08000210   Section        2  libshutdown2.o(.ARM.Collect$$libshutdown$$00000012)
    .ARM.Collect$$rtentry$$00000000          0x08000212   Section        0  __rtentry.o(.ARM.Collect$$rtentry$$00000000)
    .ARM.Collect$$rtentry$$00000002          0x08000212   Section        0  __rtentry2.o(.ARM.Collect$$rtentry$$00000002)
    .ARM.Collect$$rtentry$$00000004          0x08000212   Section        6  __rtentry4.o(.ARM.Collect$$rtentry$$00000004)
    .ARM.Collect$$rtentry$$00000009          0x08000218   Section        0  __rtentry2.o(.ARM.Collect$$rtentry$$00000009)
    .ARM.Collect$$rtentry$$0000000A          0x08000218   Section        4  __rtentry2.o(.ARM.Collect$$rtentry$$0000000A)
    .ARM.Collect$$rtentry$$0000000C          0x0800021c   Section        0  __rtentry2.o(.ARM.Collect$$rtentry$$0000000C)
    .ARM.Collect$$rtentry$$0000000D          0x0800021c   Section        8  __rtentry2.o(.ARM.Collect$$rtentry$$0000000D)
    .ARM.Collect$$rtexit$$00000000           0x08000224   Section        2  rtexit.o(.ARM.Collect$$rtexit$$00000000)
    .ARM.Collect$$rtexit$$00000002           0x08000226   Section        0  rtexit2.o(.ARM.Collect$$rtexit$$00000002)
    .ARM.Collect$$rtexit$$00000003           0x08000226   Section        4  rtexit2.o(.ARM.Collect$$rtexit$$00000003)
    .ARM.Collect$$rtexit$$00000004           0x0800022a   Section        6  rtexit2.o(.ARM.Collect$$rtexit$$00000004)
    .text                                    0x08000230   Section       64  startup_stm32f40_41xxx.o(.text)
    $v0                                      0x08000230   Number         0  startup_stm32f40_41xxx.o(.text)
    .text                                    0x08000270   Section        2  use_no_semi_2.o(.text)
    .text                                    0x08000274   Section        0  noretval__2printf.o(.text)
    .text                                    0x0800028c   Section        0  __printf.o(.text)
    .text                                    0x080002f4   Section        0  _printf_dec.o(.text)
    .text                                    0x0800036c   Section        0  heapauxi.o(.text)
    .text                                    0x08000372   Section        2  use_no_semi.o(.text)
    .text                                    0x08000374   Section        0  _printf_intcommon.o(.text)
    .text                                    0x08000428   Section        0  _printf_char_file.o(.text)
    .text                                    0x0800044c   Section        0  _printf_char_common.o(.text)
    _printf_input_char                       0x0800044d   Thumb Code    10  _printf_char_common.o(.text)
    .text                                    0x0800047c   Section        0  ferror.o(.text)
    .text                                    0x08000484   Section       74  sys_stackheap_outer.o(.text)
    .text                                    0x080004ce   Section        0  exit.o(.text)
    .text                                    0x080004e0   Section        8  libspace.o(.text)
    i.BusFault_Handler                       0x080004e8   Section        0  stm32f4xx_it.o(i.BusFault_Handler)
    i.DebugMon_Handler                       0x080004ec   Section        0  stm32f4xx_it.o(i.DebugMon_Handler)
    i.EXTI4_IRQHandler                       0x080004f0   Section        0  main.o(i.EXTI4_IRQHandler)
    i.EXTI_ClearITPendingBit                 0x08000560   Section        0  stm32f4xx_exti.o(i.EXTI_ClearITPendingBit)
    i.EXTI_Init                              0x0800056c   Section        0  stm32f4xx_exti.o(i.EXTI_Init)
    i.Exti_Init                              0x08000600   Section        0  key.o(i.Exti_Init)
    i.GPIO_Init                              0x08000652   Section        0  stm32f4xx_gpio.o(i.GPIO_Init)
    i.GPIO_PinAFConfig                       0x080006e2   Section        0  stm32f4xx_gpio.o(i.GPIO_PinAFConfig)
    i.GPIO_ResetBits                         0x08000728   Section        0  stm32f4xx_gpio.o(i.GPIO_ResetBits)
    i.GPIO_SetBits                           0x0800072c   Section        0  stm32f4xx_gpio.o(i.GPIO_SetBits)
    i.HardFault_Handler                      0x08000730   Section        0  stm32f4xx_it.o(i.HardFault_Handler)
    i.I2C_Start                              0x08000734   Section        0  oled.o(i.I2C_Start)
    i.I2C_Stop                               0x08000768   Section        0  oled.o(i.I2C_Stop)
    i.I2C_WaitAck                            0x0800078c   Section        0  oled.o(i.I2C_WaitAck)
    i.IIC_delay                              0x080007b8   Section        0  oled.o(i.IIC_delay)
    i.KEY0_Init                              0x080007c8   Section        0  key.o(i.KEY0_Init)
    i.LED_Init                               0x080007f8   Section        0  led.o(i.LED_Init)
    i.MemManage_Handler                      0x08000838   Section        0  stm32f4xx_it.o(i.MemManage_Handler)
    i.Moror_Left                             0x0800083c   Section        0  motor.o(i.Moror_Left)
    i.Moror_Right                            0x0800087c   Section        0  motor.o(i.Moror_Right)
    i.Motor_Init                             0x080008bc   Section        0  motor.o(i.Motor_Init)
    i.NMI_Handler                            0x08000918   Section        0  stm32f4xx_it.o(i.NMI_Handler)
    i.NVIC_Init                              0x0800091c   Section        0  misc.o(i.NVIC_Init)
    i.NVIC_PriorityGroupConfig               0x08000994   Section        0  misc.o(i.NVIC_PriorityGroupConfig)
    i.OLED_Clear                             0x080009a8   Section        0  oled.o(i.OLED_Clear)
    i.OLED_DrawPoint                         0x080009d8   Section        0  oled.o(i.OLED_DrawPoint)
    i.OLED_Init                              0x08000a50   Section        0  oled.o(i.OLED_Init)
    i.OLED_Pow                               0x08000bbc   Section        0  oled.o(i.OLED_Pow)
    i.OLED_Refresh                           0x08000bd4   Section        0  oled.o(i.OLED_Refresh)
    i.OLED_ShowChar                          0x08000c3c   Section        0  oled.o(i.OLED_ShowChar)
    i.OLED_ShowNum                           0x08000d78   Section        0  oled.o(i.OLED_ShowNum)
    i.OLED_ShowString                        0x08000e04   Section        0  oled.o(i.OLED_ShowString)
    i.OLED_WR_Byte                           0x08000e4e   Section        0  oled.o(i.OLED_WR_Byte)
    i.PendSV_Handler                         0x08000e86   Section        0  stm32f4xx_it.o(i.PendSV_Handler)
    i.RCC_AHB1PeriphClockCmd                 0x08000e88   Section        0  stm32f4xx_rcc.o(i.RCC_AHB1PeriphClockCmd)
    i.RCC_APB1PeriphClockCmd                 0x08000ea8   Section        0  stm32f4xx_rcc.o(i.RCC_APB1PeriphClockCmd)
    i.RCC_APB1PeriphResetCmd                 0x08000ec8   Section        0  stm32f4xx_rcc.o(i.RCC_APB1PeriphResetCmd)
    i.RCC_APB2PeriphClockCmd                 0x08000ee8   Section        0  stm32f4xx_rcc.o(i.RCC_APB2PeriphClockCmd)
    i.RCC_APB2PeriphResetCmd                 0x08000f08   Section        0  stm32f4xx_rcc.o(i.RCC_APB2PeriphResetCmd)
    i.RCC_GetClocksFreq                      0x08000f28   Section        0  stm32f4xx_rcc.o(i.RCC_GetClocksFreq)
    i.SVC_Handler                            0x08001010   Section        0  stm32f4xx_it.o(i.SVC_Handler)
    i.SYSCFG_EXTILineConfig                  0x08001014   Section        0  stm32f4xx_syscfg.o(i.SYSCFG_EXTILineConfig)
    i.Send_Byte                              0x08001054   Section        0  oled.o(i.Send_Byte)
    i.SetSysClock                            0x080010a0   Section        0  system_stm32f4xx.o(i.SetSysClock)
    SetSysClock                              0x080010a1   Thumb Code   220  system_stm32f4xx.o(i.SetSysClock)
    i.SysTick_CLKSourceConfig                0x0800118c   Section        0  misc.o(i.SysTick_CLKSourceConfig)
    i.SysTick_Handler                        0x080011b4   Section        0  stm32f4xx_it.o(i.SysTick_Handler)
    i.SystemInit                             0x080011b8   Section        0  system_stm32f4xx.o(i.SystemInit)
    i.TI1_Config                             0x08001220   Section        0  stm32f4xx_tim.o(i.TI1_Config)
    TI1_Config                               0x08001221   Thumb Code    58  stm32f4xx_tim.o(i.TI1_Config)
    i.TI2_Config                             0x0800125a   Section        0  stm32f4xx_tim.o(i.TI2_Config)
    TI2_Config                               0x0800125b   Thumb Code    80  stm32f4xx_tim.o(i.TI2_Config)
    i.TI3_Config                             0x080012aa   Section        0  stm32f4xx_tim.o(i.TI3_Config)
    TI3_Config                               0x080012ab   Thumb Code    72  stm32f4xx_tim.o(i.TI3_Config)
    i.TI4_Config                             0x080012f2   Section        0  stm32f4xx_tim.o(i.TI4_Config)
    TI4_Config                               0x080012f3   Thumb Code    80  stm32f4xx_tim.o(i.TI4_Config)
    i.TIM10_PWM_Init                         0x08001344   Section        0  tim1.o(i.TIM10_PWM_Init)
    i.TIM11_PWM_Init                         0x080013e0   Section        0  tim1.o(i.TIM11_PWM_Init)
    i.TIM3_Encoder_Init                      0x0800147c   Section        0  encoder.o(i.TIM3_Encoder_Init)
    i.TIM4_Encoder_Init                      0x08001520   Section        0  encoder.o(i.TIM4_Encoder_Init)
    i.TIM_ARRPreloadConfig                   0x080015c8   Section        0  stm32f4xx_tim.o(i.TIM_ARRPreloadConfig)
    i.TIM_Cmd                                0x080015e0   Section        0  stm32f4xx_tim.o(i.TIM_Cmd)
    i.TIM_EncoderInterfaceConfig             0x080015f8   Section        0  stm32f4xx_tim.o(i.TIM_EncoderInterfaceConfig)
    i.TIM_ICInit                             0x0800163a   Section        0  stm32f4xx_tim.o(i.TIM_ICInit)
    i.TIM_ITConfig                           0x080016a8   Section        0  stm32f4xx_tim.o(i.TIM_ITConfig)
    i.TIM_OC1Init                            0x080016bc   Section        0  stm32f4xx_tim.o(i.TIM_OC1Init)
    i.TIM_OC1PreloadConfig                   0x08001738   Section        0  stm32f4xx_tim.o(i.TIM_OC1PreloadConfig)
    i.TIM_SetCompare1                        0x0800174a   Section        0  stm32f4xx_tim.o(i.TIM_SetCompare1)
    i.TIM_SetCounter                         0x0800174e   Section        0  stm32f4xx_tim.o(i.TIM_SetCounter)
    i.TIM_SetIC1Prescaler                    0x08001752   Section        0  stm32f4xx_tim.o(i.TIM_SetIC1Prescaler)
    i.TIM_SetIC2Prescaler                    0x08001764   Section        0  stm32f4xx_tim.o(i.TIM_SetIC2Prescaler)
    i.TIM_SetIC3Prescaler                    0x0800177e   Section        0  stm32f4xx_tim.o(i.TIM_SetIC3Prescaler)
    i.TIM_SetIC4Prescaler                    0x08001790   Section        0  stm32f4xx_tim.o(i.TIM_SetIC4Prescaler)
    i.TIM_TimeBaseInit                       0x080017ac   Section        0  stm32f4xx_tim.o(i.TIM_TimeBaseInit)
    i.USART1_IRQHandler                      0x08001830   Section        0  usart1.o(i.USART1_IRQHandler)
    i.USART_Cmd                              0x080018fc   Section        0  stm32f4xx_usart.o(i.USART_Cmd)
    i.USART_DeInit                           0x08001914   Section        0  stm32f4xx_usart.o(i.USART_DeInit)
    i.USART_GetITStatus                      0x08001a04   Section        0  stm32f4xx_usart.o(i.USART_GetITStatus)
    i.USART_ITConfig                         0x08001a58   Section        0  stm32f4xx_usart.o(i.USART_ITConfig)
    i.USART_Init                             0x08001aa4   Section        0  stm32f4xx_usart.o(i.USART_Init)
    i.USART_ReceiveData                      0x08001b78   Section        0  stm32f4xx_usart.o(i.USART_ReceiveData)
    i.UsageFault_Handler                     0x08001b82   Section        0  stm32f4xx_it.o(i.UsageFault_Handler)
    i.Usart1_Init                            0x08001b88   Section        0  usart1.o(i.Usart1_Init)
    i._sys_exit                              0x08001c44   Section        0  usart.o(i._sys_exit)
    i.delay_init                             0x08001c48   Section        0  delay.o(i.delay_init)
    i.delay_ms                               0x08001c84   Section        0  delay.o(i.delay_ms)
    i.delay_xms                              0x08001cbc   Section        0  delay.o(i.delay_xms)
    i.fputc                                  0x08001d08   Section        0  usart.o(i.fputc)
    i.hextoDec                               0x08001d24   Section        0  usart1.o(i.hextoDec)
    i.main                                   0x08001d64   Section        0  main.o(i.main)
    i.newdepth_jieshou                       0x08001edc   Section        0  usart1.o(i.newdepth_jieshou)
    x$fpl$fpinit                             0x08001f68   Section       10  fpinit.o(x$fpl$fpinit)
    $v0                                      0x08001f68   Number         0  fpinit.o(x$fpl$fpinit)
    .constdata                               0x08001f72   Section     7696  oled.o(.constdata)
    .data                                    0x20000000   Section       16  main.o(.data)
    .data                                    0x20000010   Section       16  usart1.o(.data)
    .data                                    0x20000020   Section        4  delay.o(.data)
    fac_us                                   0x20000020   Data           1  delay.o(.data)
    fac_ms                                   0x20000022   Data           2  delay.o(.data)
    .data                                    0x20000024   Section        6  usart.o(.data)
    .data                                    0x2000002a   Section       16  stm32f4xx_rcc.o(.data)
    APBAHBPrescTable                         0x2000002a   Data          16  stm32f4xx_rcc.o(.data)
    .bss                                     0x2000003c   Section     1152  oled.o(.bss)
    .bss                                     0x200004bc   Section       96  libspace.o(.bss)
    HEAP                                     0x20000520   Section      512  startup_stm32f40_41xxx.o(HEAP)
    Heap_Mem                                 0x20000520   Data         512  startup_stm32f40_41xxx.o(HEAP)
    STACK                                    0x20000720   Section     1024  startup_stm32f40_41xxx.o(STACK)
    Stack_Mem                                0x20000720   Data        1024  startup_stm32f40_41xxx.o(STACK)
    __initial_sp                             0x20000b20   Data           0  startup_stm32f40_41xxx.o(STACK)

    Global Symbols

    Symbol Name                              Value     Ov Type        Size  Object(Section)

    BuildAttributes$$THM_ISAv4$E$P$D$K$B$S$7EM$VFPi3$EXTD16$VFPS$VFMA$PE$A:L22UL41UL21$X:L11$S22US41US21$IEEE1$IW$USESV6$~STKCKD$USESV7$~SHL$OSPACE$ROPI$EBA8$UX$STANDARDLIB$REQ8$PRES8$EABIv2 0x00000000   Number         0  anon$$obj.o ABSOLUTE
    __ARM_use_no_argv                        0x00000000   Number         0  main.o ABSOLUTE
    __ARM_exceptions_init                     - Undefined Weak Reference
    __alloca_initialize                       - Undefined Weak Reference
    __arm_fini_                               - Undefined Weak Reference
    __arm_preinit_                            - Undefined Weak Reference
    __cpp_initialize__aeabi_                  - Undefined Weak Reference
    __cxa_finalize                            - Undefined Weak Reference
    __rt_locale                               - Undefined Weak Reference
    __sigvec_lookup                           - Undefined Weak Reference
    _atexit_init                              - Undefined Weak Reference
    _call_atexit_fns                          - Undefined Weak Reference
    _clock_init                               - Undefined Weak Reference
    _fp_trap_init                             - Undefined Weak Reference
    _fp_trap_shutdown                         - Undefined Weak Reference
    _get_lc_collate                           - Undefined Weak Reference
    _get_lc_ctype                             - Undefined Weak Reference
    _get_lc_monetary                          - Undefined Weak Reference
    _get_lc_numeric                           - Undefined Weak Reference
    _get_lc_time                              - Undefined Weak Reference
    _getenv_init                              - Undefined Weak Reference
    _handle_redirection                       - Undefined Weak Reference
    _init_alloc                               - Undefined Weak Reference
    _init_user_alloc                          - Undefined Weak Reference
    _initio                                   - Undefined Weak Reference
    _mutex_acquire                            - Undefined Weak Reference
    _mutex_release                            - Undefined Weak Reference
    _printf_post_padding                      - Undefined Weak Reference
    _printf_pre_padding                       - Undefined Weak Reference
    _printf_truncate_signed                   - Undefined Weak Reference
    _printf_truncate_unsigned                 - Undefined Weak Reference
    _rand_init                                - Undefined Weak Reference
    _signal_finish                            - Undefined Weak Reference
    _signal_init                              - Undefined Weak Reference
    _terminate_alloc                          - Undefined Weak Reference
    _terminate_user_alloc                     - Undefined Weak Reference
    _terminateio                              - Undefined Weak Reference
    __Vectors_Size                           0x00000188   Number         0  startup_stm32f40_41xxx.o ABSOLUTE
    __Vectors                                0x08000000   Data           4  startup_stm32f40_41xxx.o(RESET)
    __Vectors_End                            0x08000188   Data           0  startup_stm32f40_41xxx.o(RESET)
    __main                                   0x08000189   Thumb Code     8  __main.o(!!!main)
    __scatterload                            0x08000191   Thumb Code     0  __scatter.o(!!!scatter)
    __scatterload_rt2                        0x08000191   Thumb Code    44  __scatter.o(!!!scatter)
    __scatterload_rt2_thumb_only             0x08000191   Thumb Code     0  __scatter.o(!!!scatter)
    __scatterload_null                       0x0800019f   Thumb Code     0  __scatter.o(!!!scatter)
    __scatterload_copy                       0x080001c5   Thumb Code    26  __scatter_copy.o(!!handler_copy)
    __scatterload_zeroinit                   0x080001e1   Thumb Code    28  __scatter_zi.o(!!handler_zi)
    _printf_d                                0x080001fd   Thumb Code     0  _printf_d.o(.ARM.Collect$$_printf_percent$$00000009)
    _printf_percent                          0x080001fd   Thumb Code     0  _printf_percent.o(.ARM.Collect$$_printf_percent$$00000000)
    _printf_percent_end                      0x08000203   Thumb Code     0  _printf_percent_end.o(.ARM.Collect$$_printf_percent$$00000017)
    __rt_lib_init                            0x08000207   Thumb Code     0  libinit.o(.ARM.Collect$$libinit$$00000000)
    __rt_lib_init_fp_1                       0x08000209   Thumb Code     0  libinit2.o(.ARM.Collect$$libinit$$00000001)
    __rt_lib_init_alloca_1                   0x0800020d   Thumb Code     0  libinit2.o(.ARM.Collect$$libinit$$0000002E)
    __rt_lib_init_argv_1                     0x0800020d   Thumb Code     0  libinit2.o(.ARM.Collect$$libinit$$0000002C)
    __rt_lib_init_atexit_1                   0x0800020d   Thumb Code     0  libinit2.o(.ARM.Collect$$libinit$$0000001B)
    __rt_lib_init_clock_1                    0x0800020d   Thumb Code     0  libinit2.o(.ARM.Collect$$libinit$$00000021)
    __rt_lib_init_cpp_1                      0x0800020d   Thumb Code     0  libinit2.o(.ARM.Collect$$libinit$$00000032)
    __rt_lib_init_exceptions_1               0x0800020d   Thumb Code     0  libinit2.o(.ARM.Collect$$libinit$$00000030)
    __rt_lib_init_fp_trap_1                  0x0800020d   Thumb Code     0  libinit2.o(.ARM.Collect$$libinit$$0000001F)
    __rt_lib_init_getenv_1                   0x0800020d   Thumb Code     0  libinit2.o(.ARM.Collect$$libinit$$00000023)
    __rt_lib_init_heap_1                     0x0800020d   Thumb Code     0  libinit2.o(.ARM.Collect$$libinit$$0000000A)
    __rt_lib_init_lc_collate_1               0x0800020d   Thumb Code     0  libinit2.o(.ARM.Collect$$libinit$$00000011)
    __rt_lib_init_lc_ctype_1                 0x0800020d   Thumb Code     0  libinit2.o(.ARM.Collect$$libinit$$00000013)
    __rt_lib_init_lc_monetary_1              0x0800020d   Thumb Code     0  libinit2.o(.ARM.Collect$$libinit$$00000015)
    __rt_lib_init_lc_numeric_1               0x0800020d   Thumb Code     0  libinit2.o(.ARM.Collect$$libinit$$00000017)
    __rt_lib_init_lc_time_1                  0x0800020d   Thumb Code     0  libinit2.o(.ARM.Collect$$libinit$$00000019)
    __rt_lib_init_preinit_1                  0x0800020d   Thumb Code     0  libinit2.o(.ARM.Collect$$libinit$$00000004)
    __rt_lib_init_rand_1                     0x0800020d   Thumb Code     0  libinit2.o(.ARM.Collect$$libinit$$0000000E)
    __rt_lib_init_return                     0x0800020d   Thumb Code     0  libinit2.o(.ARM.Collect$$libinit$$00000033)
    __rt_lib_init_signal_1                   0x0800020d   Thumb Code     0  libinit2.o(.ARM.Collect$$libinit$$0000001D)
    __rt_lib_init_stdio_1                    0x0800020d   Thumb Code     0  libinit2.o(.ARM.Collect$$libinit$$00000025)
    __rt_lib_init_user_alloc_1               0x0800020d   Thumb Code     0  libinit2.o(.ARM.Collect$$libinit$$0000000C)
    __rt_lib_shutdown                        0x0800020f   Thumb Code     0  libshutdown.o(.ARM.Collect$$libshutdown$$00000000)
    __rt_lib_shutdown_cpp_1                  0x08000211   Thumb Code     0  libshutdown2.o(.ARM.Collect$$libshutdown$$00000004)
    __rt_lib_shutdown_fini_1                 0x08000211   Thumb Code     0  libshutdown2.o(.ARM.Collect$$libshutdown$$00000002)
    __rt_lib_shutdown_fp_trap_1              0x08000211   Thumb Code     0  libshutdown2.o(.ARM.Collect$$libshutdown$$00000009)
    __rt_lib_shutdown_heap_1                 0x08000211   Thumb Code     0  libshutdown2.o(.ARM.Collect$$libshutdown$$00000011)
    __rt_lib_shutdown_return                 0x08000211   Thumb Code     0  libshutdown2.o(.ARM.Collect$$libshutdown$$00000012)
    __rt_lib_shutdown_signal_1               0x08000211   Thumb Code     0  libshutdown2.o(.ARM.Collect$$libshutdown$$0000000C)
    __rt_lib_shutdown_stdio_1                0x08000211   Thumb Code     0  libshutdown2.o(.ARM.Collect$$libshutdown$$00000006)
    __rt_lib_shutdown_user_alloc_1           0x08000211   Thumb Code     0  libshutdown2.o(.ARM.Collect$$libshutdown$$0000000E)
    __rt_entry                               0x08000213   Thumb Code     0  __rtentry.o(.ARM.Collect$$rtentry$$00000000)
    __rt_entry_presh_1                       0x08000213   Thumb Code     0  __rtentry2.o(.ARM.Collect$$rtentry$$00000002)
    __rt_entry_sh                            0x08000213   Thumb Code     0  __rtentry4.o(.ARM.Collect$$rtentry$$00000004)
    __rt_entry_li                            0x08000219   Thumb Code     0  __rtentry2.o(.ARM.Collect$$rtentry$$0000000A)
    __rt_entry_postsh_1                      0x08000219   Thumb Code     0  __rtentry2.o(.ARM.Collect$$rtentry$$00000009)
    __rt_entry_main                          0x0800021d   Thumb Code     0  __rtentry2.o(.ARM.Collect$$rtentry$$0000000D)
    __rt_entry_postli_1                      0x0800021d   Thumb Code     0  __rtentry2.o(.ARM.Collect$$rtentry$$0000000C)
    __rt_exit                                0x08000225   Thumb Code     0  rtexit.o(.ARM.Collect$$rtexit$$00000000)
    __rt_exit_ls                             0x08000227   Thumb Code     0  rtexit2.o(.ARM.Collect$$rtexit$$00000003)
    __rt_exit_prels_1                        0x08000227   Thumb Code     0  rtexit2.o(.ARM.Collect$$rtexit$$00000002)
    __rt_exit_exit                           0x0800022b   Thumb Code     0  rtexit2.o(.ARM.Collect$$rtexit$$00000004)
    Reset_Handler                            0x08000231   Thumb Code     8  startup_stm32f40_41xxx.o(.text)
    ADC_IRQHandler                           0x0800024b   Thumb Code     0  startup_stm32f40_41xxx.o(.text)
    CAN1_RX0_IRQHandler                      0x0800024b   Thumb Code     0  startup_stm32f40_41xxx.o(.text)
    CAN1_RX1_IRQHandler                      0x0800024b   Thumb Code     0  startup_stm32f40_41xxx.o(.text)
    CAN1_SCE_IRQHandler                      0x0800024b   Thumb Code     0  startup_stm32f40_41xxx.o(.text)
    CAN1_TX_IRQHandler                       0x0800024b   Thumb Code     0  startup_stm32f40_41xxx.o(.text)
    CAN2_RX0_IRQHandler                      0x0800024b   Thumb Code     0  startup_stm32f40_41xxx.o(.text)
    CAN2_RX1_IRQHandler                      0x0800024b   Thumb Code     0  startup_stm32f40_41xxx.o(.text)
    CAN2_SCE_IRQHandler                      0x0800024b   Thumb Code     0  startup_stm32f40_41xxx.o(.text)
    CAN2_TX_IRQHandler                       0x0800024b   Thumb Code     0  startup_stm32f40_41xxx.o(.text)
    CRYP_IRQHandler                          0x0800024b   Thumb Code     0  startup_stm32f40_41xxx.o(.text)
    DCMI_IRQHandler                          0x0800024b   Thumb Code     0  startup_stm32f40_41xxx.o(.text)
    DMA1_Stream0_IRQHandler                  0x0800024b   Thumb Code     0  startup_stm32f40_41xxx.o(.text)
    DMA1_Stream1_IRQHandler                  0x0800024b   Thumb Code     0  startup_stm32f40_41xxx.o(.text)
    DMA1_Stream2_IRQHandler                  0x0800024b   Thumb Code     0  startup_stm32f40_41xxx.o(.text)
    DMA1_Stream3_IRQHandler                  0x0800024b   Thumb Code     0  startup_stm32f40_41xxx.o(.text)
    DMA1_Stream4_IRQHandler                  0x0800024b   Thumb Code     0  startup_stm32f40_41xxx.o(.text)
    DMA1_Stream5_IRQHandler                  0x0800024b   Thumb Code     0  startup_stm32f40_41xxx.o(.text)
    DMA1_Stream6_IRQHandler                  0x0800024b   Thumb Code     0  startup_stm32f40_41xxx.o(.text)
    DMA1_Stream7_IRQHandler                  0x0800024b   Thumb Code     0  startup_stm32f40_41xxx.o(.text)
    DMA2_Stream0_IRQHandler                  0x0800024b   Thumb Code     0  startup_stm32f40_41xxx.o(.text)
    DMA2_Stream1_IRQHandler                  0x0800024b   Thumb Code     0  startup_stm32f40_41xxx.o(.text)
    DMA2_Stream2_IRQHandler                  0x0800024b   Thumb Code     0  startup_stm32f40_41xxx.o(.text)
    DMA2_Stream3_IRQHandler                  0x0800024b   Thumb Code     0  startup_stm32f40_41xxx.o(.text)
    DMA2_Stream4_IRQHandler                  0x0800024b   Thumb Code     0  startup_stm32f40_41xxx.o(.text)
    DMA2_Stream5_IRQHandler                  0x0800024b   Thumb Code     0  startup_stm32f40_41xxx.o(.text)
    DMA2_Stream6_IRQHandler                  0x0800024b   Thumb Code     0  startup_stm32f40_41xxx.o(.text)
    DMA2_Stream7_IRQHandler                  0x0800024b   Thumb Code     0  startup_stm32f40_41xxx.o(.text)
    ETH_IRQHandler                           0x0800024b   Thumb Code     0  startup_stm32f40_41xxx.o(.text)
    ETH_WKUP_IRQHandler                      0x0800024b   Thumb Code     0  startup_stm32f40_41xxx.o(.text)
    EXTI0_IRQHandler                         0x0800024b   Thumb Code     0  startup_stm32f40_41xxx.o(.text)
    EXTI15_10_IRQHandler                     0x0800024b   Thumb Code     0  startup_stm32f40_41xxx.o(.text)
    EXTI1_IRQHandler                         0x0800024b   Thumb Code     0  startup_stm32f40_41xxx.o(.text)
    EXTI2_IRQHandler                         0x0800024b   Thumb Code     0  startup_stm32f40_41xxx.o(.text)
    EXTI3_IRQHandler                         0x0800024b   Thumb Code     0  startup_stm32f40_41xxx.o(.text)
    EXTI9_5_IRQHandler                       0x0800024b   Thumb Code     0  startup_stm32f40_41xxx.o(.text)
    FLASH_IRQHandler                         0x0800024b   Thumb Code     0  startup_stm32f40_41xxx.o(.text)
    FPU_IRQHandler                           0x0800024b   Thumb Code     0  startup_stm32f40_41xxx.o(.text)
    FSMC_IRQHandler                          0x0800024b   Thumb Code     0  startup_stm32f40_41xxx.o(.text)
    HASH_RNG_IRQHandler                      0x0800024b   Thumb Code     0  startup_stm32f40_41xxx.o(.text)
    I2C1_ER_IRQHandler                       0x0800024b   Thumb Code     0  startup_stm32f40_41xxx.o(.text)
    I2C1_EV_IRQHandler                       0x0800024b   Thumb Code     0  startup_stm32f40_41xxx.o(.text)
    I2C2_ER_IRQHandler                       0x0800024b   Thumb Code     0  startup_stm32f40_41xxx.o(.text)
    I2C2_EV_IRQHandler                       0x0800024b   Thumb Code     0  startup_stm32f40_41xxx.o(.text)
    I2C3_ER_IRQHandler                       0x0800024b   Thumb Code     0  startup_stm32f40_41xxx.o(.text)
    I2C3_EV_IRQHandler                       0x0800024b   Thumb Code     0  startup_stm32f40_41xxx.o(.text)
    OTG_FS_IRQHandler                        0x0800024b   Thumb Code     0  startup_stm32f40_41xxx.o(.text)
    OTG_FS_WKUP_IRQHandler                   0x0800024b   Thumb Code     0  startup_stm32f40_41xxx.o(.text)
    OTG_HS_EP1_IN_IRQHandler                 0x0800024b   Thumb Code     0  startup_stm32f40_41xxx.o(.text)
    OTG_HS_EP1_OUT_IRQHandler                0x0800024b   Thumb Code     0  startup_stm32f40_41xxx.o(.text)
    OTG_HS_IRQHandler                        0x0800024b   Thumb Code     0  startup_stm32f40_41xxx.o(.text)
    OTG_HS_WKUP_IRQHandler                   0x0800024b   Thumb Code     0  startup_stm32f40_41xxx.o(.text)
    PVD_IRQHandler                           0x0800024b   Thumb Code     0  startup_stm32f40_41xxx.o(.text)
    RCC_IRQHandler                           0x0800024b   Thumb Code     0  startup_stm32f40_41xxx.o(.text)
    RTC_Alarm_IRQHandler                     0x0800024b   Thumb Code     0  startup_stm32f40_41xxx.o(.text)
    RTC_WKUP_IRQHandler                      0x0800024b   Thumb Code     0  startup_stm32f40_41xxx.o(.text)
    SDIO_IRQHandler                          0x0800024b   Thumb Code     0  startup_stm32f40_41xxx.o(.text)
    SPI1_IRQHandler                          0x0800024b   Thumb Code     0  startup_stm32f40_41xxx.o(.text)
    SPI2_IRQHandler                          0x0800024b   Thumb Code     0  startup_stm32f40_41xxx.o(.text)
    SPI3_IRQHandler                          0x0800024b   Thumb Code     0  startup_stm32f40_41xxx.o(.text)
    TAMP_STAMP_IRQHandler                    0x0800024b   Thumb Code     0  startup_stm32f40_41xxx.o(.text)
    TIM1_BRK_TIM9_IRQHandler                 0x0800024b   Thumb Code     0  startup_stm32f40_41xxx.o(.text)
    TIM1_CC_IRQHandler                       0x0800024b   Thumb Code     0  startup_stm32f40_41xxx.o(.text)
    TIM1_TRG_COM_TIM11_IRQHandler            0x0800024b   Thumb Code     0  startup_stm32f40_41xxx.o(.text)
    TIM1_UP_TIM10_IRQHandler                 0x0800024b   Thumb Code     0  startup_stm32f40_41xxx.o(.text)
    TIM2_IRQHandler                          0x0800024b   Thumb Code     0  startup_stm32f40_41xxx.o(.text)
    TIM3_IRQHandler                          0x0800024b   Thumb Code     0  startup_stm32f40_41xxx.o(.text)
    TIM4_IRQHandler                          0x0800024b   Thumb Code     0  startup_stm32f40_41xxx.o(.text)
    TIM5_IRQHandler                          0x0800024b   Thumb Code     0  startup_stm32f40_41xxx.o(.text)
    TIM6_DAC_IRQHandler                      0x0800024b   Thumb Code     0  startup_stm32f40_41xxx.o(.text)
    TIM7_IRQHandler                          0x0800024b   Thumb Code     0  startup_stm32f40_41xxx.o(.text)
    TIM8_BRK_TIM12_IRQHandler                0x0800024b   Thumb Code     0  startup_stm32f40_41xxx.o(.text)
    TIM8_CC_IRQHandler                       0x0800024b   Thumb Code     0  startup_stm32f40_41xxx.o(.text)
    TIM8_TRG_COM_TIM14_IRQHandler            0x0800024b   Thumb Code     0  startup_stm32f40_41xxx.o(.text)
    TIM8_UP_TIM13_IRQHandler                 0x0800024b   Thumb Code     0  startup_stm32f40_41xxx.o(.text)
    UART4_IRQHandler                         0x0800024b   Thumb Code     0  startup_stm32f40_41xxx.o(.text)
    UART5_IRQHandler                         0x0800024b   Thumb Code     0  startup_stm32f40_41xxx.o(.text)
    USART2_IRQHandler                        0x0800024b   Thumb Code     0  startup_stm32f40_41xxx.o(.text)
    USART3_IRQHandler                        0x0800024b   Thumb Code     0  startup_stm32f40_41xxx.o(.text)
    USART6_IRQHandler                        0x0800024b   Thumb Code     0  startup_stm32f40_41xxx.o(.text)
    WWDG_IRQHandler                          0x0800024b   Thumb Code     0  startup_stm32f40_41xxx.o(.text)
    __user_initial_stackheap                 0x0800024d   Thumb Code     0  startup_stm32f40_41xxx.o(.text)
    __use_no_semihosting                     0x08000271   Thumb Code     2  use_no_semi_2.o(.text)
    __2printf                                0x08000275   Thumb Code    20  noretval__2printf.o(.text)
    __printf                                 0x0800028d   Thumb Code   104  __printf.o(.text)
    _printf_int_dec                          0x080002f5   Thumb Code   104  _printf_dec.o(.text)
    __use_two_region_memory                  0x0800036d   Thumb Code     2  heapauxi.o(.text)
    __rt_heap_escrow$2region                 0x0800036f   Thumb Code     2  heapauxi.o(.text)
    __rt_heap_expand$2region                 0x08000371   Thumb Code     2  heapauxi.o(.text)
    __I$use$semihosting                      0x08000373   Thumb Code     0  use_no_semi.o(.text)
    __use_no_semihosting_swi                 0x08000373   Thumb Code     2  use_no_semi.o(.text)
    _printf_int_common                       0x08000375   Thumb Code   178  _printf_intcommon.o(.text)
    _printf_char_file                        0x08000429   Thumb Code    32  _printf_char_file.o(.text)
    _printf_char_common                      0x08000457   Thumb Code    32  _printf_char_common.o(.text)
    ferror                                   0x0800047d   Thumb Code     8  ferror.o(.text)
    __user_setup_stackheap                   0x08000485   Thumb Code    74  sys_stackheap_outer.o(.text)
    exit                                     0x080004cf   Thumb Code    18  exit.o(.text)
    __user_libspace                          0x080004e1   Thumb Code     8  libspace.o(.text)
    __user_perproc_libspace                  0x080004e1   Thumb Code     0  libspace.o(.text)
    __user_perthread_libspace                0x080004e1   Thumb Code     0  libspace.o(.text)
    BusFault_Handler                         0x080004e9   Thumb Code     4  stm32f4xx_it.o(i.BusFault_Handler)
    DebugMon_Handler                         0x080004ed   Thumb Code     2  stm32f4xx_it.o(i.DebugMon_Handler)
    EXTI4_IRQHandler                         0x080004f1   Thumb Code    96  main.o(i.EXTI4_IRQHandler)
    EXTI_ClearITPendingBit                   0x08000561   Thumb Code     6  stm32f4xx_exti.o(i.EXTI_ClearITPendingBit)
    EXTI_Init                                0x0800056d   Thumb Code   142  stm32f4xx_exti.o(i.EXTI_Init)
    Exti_Init                                0x08000601   Thumb Code    82  key.o(i.Exti_Init)
    GPIO_Init                                0x08000653   Thumb Code   144  stm32f4xx_gpio.o(i.GPIO_Init)
    GPIO_PinAFConfig                         0x080006e3   Thumb Code    70  stm32f4xx_gpio.o(i.GPIO_PinAFConfig)
    GPIO_ResetBits                           0x08000729   Thumb Code     4  stm32f4xx_gpio.o(i.GPIO_ResetBits)
    GPIO_SetBits                             0x0800072d   Thumb Code     4  stm32f4xx_gpio.o(i.GPIO_SetBits)
    HardFault_Handler                        0x08000731   Thumb Code     4  stm32f4xx_it.o(i.HardFault_Handler)
    I2C_Start                                0x08000735   Thumb Code    48  oled.o(i.I2C_Start)
    I2C_Stop                                 0x08000769   Thumb Code    32  oled.o(i.I2C_Stop)
    I2C_WaitAck                              0x0800078d   Thumb Code    40  oled.o(i.I2C_WaitAck)
    IIC_delay                                0x080007b9   Thumb Code    16  oled.o(i.IIC_delay)
    KEY0_Init                                0x080007c9   Thumb Code    42  key.o(i.KEY0_Init)
    LED_Init                                 0x080007f9   Thumb Code    60  led.o(i.LED_Init)
    MemManage_Handler                        0x08000839   Thumb Code     4  stm32f4xx_it.o(i.MemManage_Handler)
    Moror_Left                               0x0800083d   Thumb Code    56  motor.o(i.Moror_Left)
    Moror_Right                              0x0800087d   Thumb Code    56  motor.o(i.Moror_Right)
    Motor_Init                               0x080008bd   Thumb Code    84  motor.o(i.Motor_Init)
    NMI_Handler                              0x08000919   Thumb Code     2  stm32f4xx_it.o(i.NMI_Handler)
    NVIC_Init                                0x0800091d   Thumb Code   106  misc.o(i.NVIC_Init)
    NVIC_PriorityGroupConfig                 0x08000995   Thumb Code    10  misc.o(i.NVIC_PriorityGroupConfig)
    OLED_Clear                               0x080009a9   Thumb Code    42  oled.o(i.OLED_Clear)
    OLED_DrawPoint                           0x080009d9   Thumb Code   114  oled.o(i.OLED_DrawPoint)
    OLED_Init                                0x08000a51   Thumb Code   350  oled.o(i.OLED_Init)
    OLED_Pow                                 0x08000bbd   Thumb Code    22  oled.o(i.OLED_Pow)
    OLED_Refresh                             0x08000bd5   Thumb Code   100  oled.o(i.OLED_Refresh)
    OLED_ShowChar                            0x08000c3d   Thumb Code   300  oled.o(i.OLED_ShowChar)
    OLED_ShowNum                             0x08000d79   Thumb Code   140  oled.o(i.OLED_ShowNum)
    OLED_ShowString                          0x08000e05   Thumb Code    74  oled.o(i.OLED_ShowString)
    OLED_WR_Byte                             0x08000e4f   Thumb Code    56  oled.o(i.OLED_WR_Byte)
    PendSV_Handler                           0x08000e87   Thumb Code     2  stm32f4xx_it.o(i.PendSV_Handler)
    RCC_AHB1PeriphClockCmd                   0x08000e89   Thumb Code    26  stm32f4xx_rcc.o(i.RCC_AHB1PeriphClockCmd)
    RCC_APB1PeriphClockCmd                   0x08000ea9   Thumb Code    26  stm32f4xx_rcc.o(i.RCC_APB1PeriphClockCmd)
    RCC_APB1PeriphResetCmd                   0x08000ec9   Thumb Code    26  stm32f4xx_rcc.o(i.RCC_APB1PeriphResetCmd)
    RCC_APB2PeriphClockCmd                   0x08000ee9   Thumb Code    26  stm32f4xx_rcc.o(i.RCC_APB2PeriphClockCmd)
    RCC_APB2PeriphResetCmd                   0x08000f09   Thumb Code    26  stm32f4xx_rcc.o(i.RCC_APB2PeriphResetCmd)
    RCC_GetClocksFreq                        0x08000f29   Thumb Code   214  stm32f4xx_rcc.o(i.RCC_GetClocksFreq)
    SVC_Handler                              0x08001011   Thumb Code     2  stm32f4xx_it.o(i.SVC_Handler)
    SYSCFG_EXTILineConfig                    0x08001015   Thumb Code    60  stm32f4xx_syscfg.o(i.SYSCFG_EXTILineConfig)
    Send_Byte                                0x08001055   Thumb Code    70  oled.o(i.Send_Byte)
    SysTick_CLKSourceConfig                  0x0800118d   Thumb Code    40  misc.o(i.SysTick_CLKSourceConfig)
    SysTick_Handler                          0x080011b5   Thumb Code     2  stm32f4xx_it.o(i.SysTick_Handler)
    SystemInit                               0x080011b9   Thumb Code    88  system_stm32f4xx.o(i.SystemInit)
    TIM10_PWM_Init                           0x08001345   Thumb Code   148  tim1.o(i.TIM10_PWM_Init)
    TIM11_PWM_Init                           0x080013e1   Thumb Code   148  tim1.o(i.TIM11_PWM_Init)
    TIM3_Encoder_Init                        0x0800147d   Thumb Code   156  encoder.o(i.TIM3_Encoder_Init)
    TIM4_Encoder_Init                        0x08001521   Thumb Code   158  encoder.o(i.TIM4_Encoder_Init)
    TIM_ARRPreloadConfig                     0x080015c9   Thumb Code    24  stm32f4xx_tim.o(i.TIM_ARRPreloadConfig)
    TIM_Cmd                                  0x080015e1   Thumb Code    24  stm32f4xx_tim.o(i.TIM_Cmd)
    TIM_EncoderInterfaceConfig               0x080015f9   Thumb Code    66  stm32f4xx_tim.o(i.TIM_EncoderInterfaceConfig)
    TIM_ICInit                               0x0800163b   Thumb Code   110  stm32f4xx_tim.o(i.TIM_ICInit)
    TIM_ITConfig                             0x080016a9   Thumb Code    18  stm32f4xx_tim.o(i.TIM_ITConfig)
    TIM_OC1Init                              0x080016bd   Thumb Code   114  stm32f4xx_tim.o(i.TIM_OC1Init)
    TIM_OC1PreloadConfig                     0x08001739   Thumb Code    18  stm32f4xx_tim.o(i.TIM_OC1PreloadConfig)
    TIM_SetCompare1                          0x0800174b   Thumb Code     4  stm32f4xx_tim.o(i.TIM_SetCompare1)
    TIM_SetCounter                           0x0800174f   Thumb Code     4  stm32f4xx_tim.o(i.TIM_SetCounter)
    TIM_SetIC1Prescaler                      0x08001753   Thumb Code    18  stm32f4xx_tim.o(i.TIM_SetIC1Prescaler)
    TIM_SetIC2Prescaler                      0x08001765   Thumb Code    26  stm32f4xx_tim.o(i.TIM_SetIC2Prescaler)
    TIM_SetIC3Prescaler                      0x0800177f   Thumb Code    18  stm32f4xx_tim.o(i.TIM_SetIC3Prescaler)
    TIM_SetIC4Prescaler                      0x08001791   Thumb Code    26  stm32f4xx_tim.o(i.TIM_SetIC4Prescaler)
    TIM_TimeBaseInit                         0x080017ad   Thumb Code   104  stm32f4xx_tim.o(i.TIM_TimeBaseInit)
    USART1_IRQHandler                        0x08001831   Thumb Code   186  usart1.o(i.USART1_IRQHandler)
    USART_Cmd                                0x080018fd   Thumb Code    24  stm32f4xx_usart.o(i.USART_Cmd)
    USART_DeInit                             0x08001915   Thumb Code   206  stm32f4xx_usart.o(i.USART_DeInit)
    USART_GetITStatus                        0x08001a05   Thumb Code    84  stm32f4xx_usart.o(i.USART_GetITStatus)
    USART_ITConfig                           0x08001a59   Thumb Code    74  stm32f4xx_usart.o(i.USART_ITConfig)
    USART_Init                               0x08001aa5   Thumb Code   204  stm32f4xx_usart.o(i.USART_Init)
    USART_ReceiveData                        0x08001b79   Thumb Code    10  stm32f4xx_usart.o(i.USART_ReceiveData)
    UsageFault_Handler                       0x08001b83   Thumb Code     4  stm32f4xx_it.o(i.UsageFault_Handler)
    Usart1_Init                              0x08001b89   Thumb Code   176  usart1.o(i.Usart1_Init)
    _sys_exit                                0x08001c45   Thumb Code     4  usart.o(i._sys_exit)
    delay_init                               0x08001c49   Thumb Code    52  delay.o(i.delay_init)
    delay_ms                                 0x08001c85   Thumb Code    56  delay.o(i.delay_ms)
    delay_xms                                0x08001cbd   Thumb Code    72  delay.o(i.delay_xms)
    fputc                                    0x08001d09   Thumb Code    22  usart.o(i.fputc)
    hextoDec                                 0x08001d25   Thumb Code    62  usart1.o(i.hextoDec)
    main                                     0x08001d65   Thumb Code   332  main.o(i.main)
    newdepth_jieshou                         0x08001edd   Thumb Code    86  usart1.o(i.newdepth_jieshou)
    _fp_init                                 0x08001f69   Thumb Code    10  fpinit.o(x$fpl$fpinit)
    __fplib_config_fpu_vfp                   0x08001f71   Thumb Code     0  fpinit.o(x$fpl$fpinit)
    __fplib_config_pureend_doubles           0x08001f71   Thumb Code     0  fpinit.o(x$fpl$fpinit)
    asc2_0806                                0x08001f72   Data         552  oled.o(.constdata)
    asc2_1206                                0x0800219a   Data        1140  oled.o(.constdata)
    asc2_1608                                0x0800260e   Data        1520  oled.o(.constdata)
    asc2_2412                                0x08002bfe   Data        3420  oled.o(.constdata)
    Hzk1                                     0x0800395a   Data         352  oled.o(.constdata)
    Hzk2                                     0x08003aba   Data          72  oled.o(.constdata)
    Hzk3                                     0x08003b02   Data         128  oled.o(.constdata)
    Hzk4                                     0x08003b82   Data         512  oled.o(.constdata)
    Region$$Table$$Base                      0x08003d84   Number         0  anon$$obj.o(Region$$Table)
    Region$$Table$$Limit                     0x08003da4   Number         0  anon$$obj.o(Region$$Table)
    depth                                    0x20000000   Data           4  main.o(.data)
    num                                      0x20000004   Data           4  main.o(.data)
    testRece1                                0x20000008   Data           4  main.o(.data)
    testRece2                                0x2000000c   Data           4  main.o(.data)
    table_data                               0x20000010   Data           5  usart1.o(.data)
    table_cp                                 0x20000015   Data           5  usart1.o(.data)
    count                                    0x2000001a   Data           2  usart1.o(.data)
    newdepth                                 0x2000001c   Data           4  usart1.o(.data)
    __stdout                                 0x20000024   Data           4  usart.o(.data)
    USART_RX_STA                             0x20000028   Data           2  usart.o(.data)
    OLED_GRAM                                0x2000003c   Data        1152  oled.o(.bss)
    __libspace_start                         0x200004bc   Data          96  libspace.o(.bss)
    __temporary_stack_top$libspace           0x2000051c   Data           0  libspace.o(.bss)



==============================================================================

Memory Map of the image

  Image Entry point : 0x08000189

  Load Region LR_IROM1 (Base: 0x08000000, Size: 0x00003de0, Max: 0x00100000, ABSOLUTE)

    Execution Region ER_IROM1 (Exec base: 0x08000000, Load base: 0x08000000, Size: 0x00003da4, Max: 0x00100000, ABSOLUTE)

    Exec Addr    Load Addr    Size         Type   Attr      Idx    E Section Name        Object

    0x08000000   0x08000000   0x00000188   Data   RO          834    RESET               startup_stm32f40_41xxx.o
    0x08000188   0x08000188   0x00000008   Code   RO         2219  * !!!main             c_w.l(__main.o)
    0x08000190   0x08000190   0x00000034   Code   RO         2389    !!!scatter          c_w.l(__scatter.o)
    0x080001c4   0x080001c4   0x0000001a   Code   RO         2391    !!handler_copy      c_w.l(__scatter_copy.o)
    0x080001de   0x080001de   0x00000002   PAD
    0x080001e0   0x080001e0   0x0000001c   Code   RO         2393    !!handler_zi        c_w.l(__scatter_zi.o)
    0x080001fc   0x080001fc   0x00000000   Code   RO         2216    .ARM.Collect$$_printf_percent$$00000000  c_w.l(_printf_percent.o)
    0x080001fc   0x080001fc   0x00000006   Code   RO         2215    .ARM.Collect$$_printf_percent$$00000009  c_w.l(_printf_d.o)
    0x08000202   0x08000202   0x00000004   Code   RO         2228    .ARM.Collect$$_printf_percent$$00000017  c_w.l(_printf_percent_end.o)
    0x08000206   0x08000206   0x00000002   Code   RO         2261    .ARM.Collect$$libinit$$00000000  c_w.l(libinit.o)
    0x08000208   0x08000208   0x00000004   Code   RO         2267    .ARM.Collect$$libinit$$00000001  c_w.l(libinit2.o)
    0x0800020c   0x0800020c   0x00000000   Code   RO         2270    .ARM.Collect$$libinit$$00000004  c_w.l(libinit2.o)
    0x0800020c   0x0800020c   0x00000000   Code   RO         2273    .ARM.Collect$$libinit$$0000000A  c_w.l(libinit2.o)
    0x0800020c   0x0800020c   0x00000000   Code   RO         2275    .ARM.Collect$$libinit$$0000000C  c_w.l(libinit2.o)
    0x0800020c   0x0800020c   0x00000000   Code   RO         2277    .ARM.Collect$$libinit$$0000000E  c_w.l(libinit2.o)
    0x0800020c   0x0800020c   0x00000000   Code   RO         2280    .ARM.Collect$$libinit$$00000011  c_w.l(libinit2.o)
    0x0800020c   0x0800020c   0x00000000   Code   RO         2282    .ARM.Collect$$libinit$$00000013  c_w.l(libinit2.o)
    0x0800020c   0x0800020c   0x00000000   Code   RO         2284    .ARM.Collect$$libinit$$00000015  c_w.l(libinit2.o)
    0x0800020c   0x0800020c   0x00000000   Code   RO         2286    .ARM.Collect$$libinit$$00000017  c_w.l(libinit2.o)
    0x0800020c   0x0800020c   0x00000000   Code   RO         2288    .ARM.Collect$$libinit$$00000019  c_w.l(libinit2.o)
    0x0800020c   0x0800020c   0x00000000   Code   RO         2290    .ARM.Collect$$libinit$$0000001B  c_w.l(libinit2.o)
    0x0800020c   0x0800020c   0x00000000   Code   RO         2292    .ARM.Collect$$libinit$$0000001D  c_w.l(libinit2.o)
    0x0800020c   0x0800020c   0x00000000   Code   RO         2294    .ARM.Collect$$libinit$$0000001F  c_w.l(libinit2.o)
    0x0800020c   0x0800020c   0x00000000   Code   RO         2296    .ARM.Collect$$libinit$$00000021  c_w.l(libinit2.o)
    0x0800020c   0x0800020c   0x00000000   Code   RO         2298    .ARM.Collect$$libinit$$00000023  c_w.l(libinit2.o)
    0x0800020c   0x0800020c   0x00000000   Code   RO         2300    .ARM.Collect$$libinit$$00000025  c_w.l(libinit2.o)
    0x0800020c   0x0800020c   0x00000000   Code   RO         2304    .ARM.Collect$$libinit$$0000002C  c_w.l(libinit2.o)
    0x0800020c   0x0800020c   0x00000000   Code   RO         2306    .ARM.Collect$$libinit$$0000002E  c_w.l(libinit2.o)
    0x0800020c   0x0800020c   0x00000000   Code   RO         2308    .ARM.Collect$$libinit$$00000030  c_w.l(libinit2.o)
    0x0800020c   0x0800020c   0x00000000   Code   RO         2310    .ARM.Collect$$libinit$$00000032  c_w.l(libinit2.o)
    0x0800020c   0x0800020c   0x00000002   Code   RO         2311    .ARM.Collect$$libinit$$00000033  c_w.l(libinit2.o)
    0x0800020e   0x0800020e   0x00000002   Code   RO         2329    .ARM.Collect$$libshutdown$$00000000  c_w.l(libshutdown.o)
    0x08000210   0x08000210   0x00000000   Code   RO         2339    .ARM.Collect$$libshutdown$$00000002  c_w.l(libshutdown2.o)
    0x08000210   0x08000210   0x00000000   Code   RO         2341    .ARM.Collect$$libshutdown$$00000004  c_w.l(libshutdown2.o)
    0x08000210   0x08000210   0x00000000   Code   RO         2343    .ARM.Collect$$libshutdown$$00000006  c_w.l(libshutdown2.o)
    0x08000210   0x08000210   0x00000000   Code   RO         2346    .ARM.Collect$$libshutdown$$00000009  c_w.l(libshutdown2.o)
    0x08000210   0x08000210   0x00000000   Code   RO         2349    .ARM.Collect$$libshutdown$$0000000C  c_w.l(libshutdown2.o)
    0x08000210   0x08000210   0x00000000   Code   RO         2351    .ARM.Collect$$libshutdown$$0000000E  c_w.l(libshutdown2.o)
    0x08000210   0x08000210   0x00000000   Code   RO         2354    .ARM.Collect$$libshutdown$$00000011  c_w.l(libshutdown2.o)
    0x08000210   0x08000210   0x00000002   Code   RO         2355    .ARM.Collect$$libshutdown$$00000012  c_w.l(libshutdown2.o)
    0x08000212   0x08000212   0x00000000   Code   RO         2223    .ARM.Collect$$rtentry$$00000000  c_w.l(__rtentry.o)
    0x08000212   0x08000212   0x00000000   Code   RO         2230    .ARM.Collect$$rtentry$$00000002  c_w.l(__rtentry2.o)
    0x08000212   0x08000212   0x00000006   Code   RO         2242    .ARM.Collect$$rtentry$$00000004  c_w.l(__rtentry4.o)
    0x08000218   0x08000218   0x00000000   Code   RO         2232    .ARM.Collect$$rtentry$$00000009  c_w.l(__rtentry2.o)
    0x08000218   0x08000218   0x00000004   Code   RO         2233    .ARM.Collect$$rtentry$$0000000A  c_w.l(__rtentry2.o)
    0x0800021c   0x0800021c   0x00000000   Code   RO         2235    .ARM.Collect$$rtentry$$0000000C  c_w.l(__rtentry2.o)
    0x0800021c   0x0800021c   0x00000008   Code   RO         2236    .ARM.Collect$$rtentry$$0000000D  c_w.l(__rtentry2.o)
    0x08000224   0x08000224   0x00000002   Code   RO         2265    .ARM.Collect$$rtexit$$00000000  c_w.l(rtexit.o)
    0x08000226   0x08000226   0x00000000   Code   RO         2313    .ARM.Collect$$rtexit$$00000002  c_w.l(rtexit2.o)
    0x08000226   0x08000226   0x00000004   Code   RO         2314    .ARM.Collect$$rtexit$$00000003  c_w.l(rtexit2.o)
    0x0800022a   0x0800022a   0x00000006   Code   RO         2315    .ARM.Collect$$rtexit$$00000004  c_w.l(rtexit2.o)
    0x08000230   0x08000230   0x00000040   Code   RO          835    .text               startup_stm32f40_41xxx.o
    0x08000270   0x08000270   0x00000002   Code   RO         2185    .text               c_w.l(use_no_semi_2.o)
    0x08000272   0x08000272   0x00000002   PAD
    0x08000274   0x08000274   0x00000018   Code   RO         2189    .text               c_w.l(noretval__2printf.o)
    0x0800028c   0x0800028c   0x00000068   Code   RO         2191    .text               c_w.l(__printf.o)
    0x080002f4   0x080002f4   0x00000078   Code   RO         2193    .text               c_w.l(_printf_dec.o)
    0x0800036c   0x0800036c   0x00000006   Code   RO         2217    .text               c_w.l(heapauxi.o)
    0x08000372   0x08000372   0x00000002   Code   RO         2221    .text               c_w.l(use_no_semi.o)
    0x08000374   0x08000374   0x000000b2   Code   RO         2224    .text               c_w.l(_printf_intcommon.o)
    0x08000426   0x08000426   0x00000002   PAD
    0x08000428   0x08000428   0x00000024   Code   RO         2226    .text               c_w.l(_printf_char_file.o)
    0x0800044c   0x0800044c   0x00000030   Code   RO         2244    .text               c_w.l(_printf_char_common.o)
    0x0800047c   0x0800047c   0x00000008   Code   RO         2246    .text               c_w.l(ferror.o)
    0x08000484   0x08000484   0x0000004a   Code   RO         2250    .text               c_w.l(sys_stackheap_outer.o)
    0x080004ce   0x080004ce   0x00000012   Code   RO         2254    .text               c_w.l(exit.o)
    0x080004e0   0x080004e0   0x00000008   Code   RO         2262    .text               c_w.l(libspace.o)
    0x080004e8   0x080004e8   0x00000004   Code   RO          177    i.BusFault_Handler  stm32f4xx_it.o
    0x080004ec   0x080004ec   0x00000002   Code   RO          178    i.DebugMon_Handler  stm32f4xx_it.o
    0x080004ee   0x080004ee   0x00000002   PAD
    0x080004f0   0x080004f0   0x00000070   Code   RO            3    i.EXTI4_IRQHandler  main.o
    0x08000560   0x08000560   0x0000000c   Code   RO         2124    i.EXTI_ClearITPendingBit  stm32f4xx_exti.o
    0x0800056c   0x0800056c   0x00000094   Code   RO         2129    i.EXTI_Init         stm32f4xx_exti.o
    0x08000600   0x08000600   0x00000052   Code   RO          713    i.Exti_Init         key.o
    0x08000652   0x08000652   0x00000090   Code   RO          886    i.GPIO_Init         stm32f4xx_gpio.o
    0x080006e2   0x080006e2   0x00000046   Code   RO          887    i.GPIO_PinAFConfig  stm32f4xx_gpio.o
    0x08000728   0x08000728   0x00000004   Code   RO          893    i.GPIO_ResetBits    stm32f4xx_gpio.o
    0x0800072c   0x0800072c   0x00000004   Code   RO          894    i.GPIO_SetBits      stm32f4xx_gpio.o
    0x08000730   0x08000730   0x00000004   Code   RO          179    i.HardFault_Handler  stm32f4xx_it.o
    0x08000734   0x08000734   0x00000034   Code   RO          551    i.I2C_Start         oled.o
    0x08000768   0x08000768   0x00000024   Code   RO          552    i.I2C_Stop          oled.o
    0x0800078c   0x0800078c   0x0000002c   Code   RO          553    i.I2C_WaitAck       oled.o
    0x080007b8   0x080007b8   0x00000010   Code   RO          554    i.IIC_delay         oled.o
    0x080007c8   0x080007c8   0x00000030   Code   RO          714    i.KEY0_Init         key.o
    0x080007f8   0x080007f8   0x00000040   Code   RO          522    i.LED_Init          led.o
    0x08000838   0x08000838   0x00000004   Code   RO          180    i.MemManage_Handler  stm32f4xx_it.o
    0x0800083c   0x0800083c   0x00000040   Code   RO          337    i.Moror_Left        motor.o
    0x0800087c   0x0800087c   0x00000040   Code   RO          338    i.Moror_Right       motor.o
    0x080008bc   0x080008bc   0x0000005c   Code   RO          339    i.Motor_Init        motor.o
    0x08000918   0x08000918   0x00000002   Code   RO          181    i.NMI_Handler       stm32f4xx_it.o
    0x0800091a   0x0800091a   0x00000002   PAD
    0x0800091c   0x0800091c   0x00000078   Code   RO          841    i.NVIC_Init         misc.o
    0x08000994   0x08000994   0x00000014   Code   RO          842    i.NVIC_PriorityGroupConfig  misc.o
    0x080009a8   0x080009a8   0x00000030   Code   RO          555    i.OLED_Clear        oled.o
    0x080009d8   0x080009d8   0x00000078   Code   RO          562    i.OLED_DrawPoint    oled.o
    0x08000a50   0x08000a50   0x0000016c   Code   RO          563    i.OLED_Init         oled.o
    0x08000bbc   0x08000bbc   0x00000016   Code   RO          564    i.OLED_Pow          oled.o
    0x08000bd2   0x08000bd2   0x00000002   PAD
    0x08000bd4   0x08000bd4   0x00000068   Code   RO          565    i.OLED_Refresh      oled.o
    0x08000c3c   0x08000c3c   0x0000013c   Code   RO          567    i.OLED_ShowChar     oled.o
    0x08000d78   0x08000d78   0x0000008c   Code   RO          569    i.OLED_ShowNum      oled.o
    0x08000e04   0x08000e04   0x0000004a   Code   RO          571    i.OLED_ShowString   oled.o
    0x08000e4e   0x08000e4e   0x00000038   Code   RO          572    i.OLED_WR_Byte      oled.o
    0x08000e86   0x08000e86   0x00000002   Code   RO          182    i.PendSV_Handler    stm32f4xx_it.o
    0x08000e88   0x08000e88   0x00000020   Code   RO          983    i.RCC_AHB1PeriphClockCmd  stm32f4xx_rcc.o
    0x08000ea8   0x08000ea8   0x00000020   Code   RO          992    i.RCC_APB1PeriphClockCmd  stm32f4xx_rcc.o
    0x08000ec8   0x08000ec8   0x00000020   Code   RO          994    i.RCC_APB1PeriphResetCmd  stm32f4xx_rcc.o
    0x08000ee8   0x08000ee8   0x00000020   Code   RO          995    i.RCC_APB2PeriphClockCmd  stm32f4xx_rcc.o
    0x08000f08   0x08000f08   0x00000020   Code   RO          997    i.RCC_APB2PeriphResetCmd  stm32f4xx_rcc.o
    0x08000f28   0x08000f28   0x000000e8   Code   RO         1004    i.RCC_GetClocksFreq  stm32f4xx_rcc.o
    0x08001010   0x08001010   0x00000002   Code   RO          183    i.SVC_Handler       stm32f4xx_it.o
    0x08001012   0x08001012   0x00000002   PAD
    0x08001014   0x08001014   0x00000040   Code   RO         1320    i.SYSCFG_EXTILineConfig  stm32f4xx_syscfg.o
    0x08001054   0x08001054   0x0000004c   Code   RO          573    i.Send_Byte         oled.o
    0x080010a0   0x080010a0   0x000000ec   Code   RO          274    i.SetSysClock       system_stm32f4xx.o
    0x0800118c   0x0800118c   0x00000028   Code   RO          845    i.SysTick_CLKSourceConfig  misc.o
    0x080011b4   0x080011b4   0x00000002   Code   RO          184    i.SysTick_Handler   stm32f4xx_it.o
    0x080011b6   0x080011b6   0x00000002   PAD
    0x080011b8   0x080011b8   0x00000068   Code   RO          276    i.SystemInit        system_stm32f4xx.o
    0x08001220   0x08001220   0x0000003a   Code   RO         1561    i.TI1_Config        stm32f4xx_tim.o
    0x0800125a   0x0800125a   0x00000050   Code   RO         1562    i.TI2_Config        stm32f4xx_tim.o
    0x080012aa   0x080012aa   0x00000048   Code   RO         1563    i.TI3_Config        stm32f4xx_tim.o
    0x080012f2   0x080012f2   0x00000050   Code   RO         1564    i.TI4_Config        stm32f4xx_tim.o
    0x08001342   0x08001342   0x00000002   PAD
    0x08001344   0x08001344   0x0000009c   Code   RO          389    i.TIM10_PWM_Init    tim1.o
    0x080013e0   0x080013e0   0x0000009c   Code   RO          390    i.TIM11_PWM_Init    tim1.o
    0x0800147c   0x0800147c   0x000000a4   Code   RO          311    i.TIM3_Encoder_Init  encoder.o
    0x08001520   0x08001520   0x000000a8   Code   RO          312    i.TIM4_Encoder_Init  encoder.o
    0x080015c8   0x080015c8   0x00000018   Code   RO         1565    i.TIM_ARRPreloadConfig  stm32f4xx_tim.o
    0x080015e0   0x080015e0   0x00000018   Code   RO         1577    i.TIM_Cmd           stm32f4xx_tim.o
    0x080015f8   0x080015f8   0x00000042   Code   RO         1586    i.TIM_EncoderInterfaceConfig  stm32f4xx_tim.o
    0x0800163a   0x0800163a   0x0000006e   Code   RO         1600    i.TIM_ICInit        stm32f4xx_tim.o
    0x080016a8   0x080016a8   0x00000012   Code   RO         1602    i.TIM_ITConfig      stm32f4xx_tim.o
    0x080016ba   0x080016ba   0x00000002   PAD
    0x080016bc   0x080016bc   0x0000007c   Code   RO         1606    i.TIM_OC1Init       stm32f4xx_tim.o
    0x08001738   0x08001738   0x00000012   Code   RO         1609    i.TIM_OC1PreloadConfig  stm32f4xx_tim.o
    0x0800174a   0x0800174a   0x00000004   Code   RO         1639    i.TIM_SetCompare1   stm32f4xx_tim.o
    0x0800174e   0x0800174e   0x00000004   Code   RO         1643    i.TIM_SetCounter    stm32f4xx_tim.o
    0x08001752   0x08001752   0x00000012   Code   RO         1644    i.TIM_SetIC1Prescaler  stm32f4xx_tim.o
    0x08001764   0x08001764   0x0000001a   Code   RO         1645    i.TIM_SetIC2Prescaler  stm32f4xx_tim.o
    0x0800177e   0x0800177e   0x00000012   Code   RO         1646    i.TIM_SetIC3Prescaler  stm32f4xx_tim.o
    0x08001790   0x08001790   0x0000001a   Code   RO         1647    i.TIM_SetIC4Prescaler  stm32f4xx_tim.o
    0x080017aa   0x080017aa   0x00000002   PAD
    0x080017ac   0x080017ac   0x00000084   Code   RO         1649    i.TIM_TimeBaseInit  stm32f4xx_tim.o
    0x08001830   0x08001830   0x000000cc   Code   RO          435    i.USART1_IRQHandler  usart1.o
    0x080018fc   0x080018fc   0x00000018   Code   RO         1377    i.USART_Cmd         stm32f4xx_usart.o
    0x08001914   0x08001914   0x000000f0   Code   RO         1379    i.USART_DeInit      stm32f4xx_usart.o
    0x08001a04   0x08001a04   0x00000054   Code   RO         1381    i.USART_GetITStatus  stm32f4xx_usart.o
    0x08001a58   0x08001a58   0x0000004a   Code   RO         1383    i.USART_ITConfig    stm32f4xx_usart.o
    0x08001aa2   0x08001aa2   0x00000002   PAD
    0x08001aa4   0x08001aa4   0x000000d4   Code   RO         1384    i.USART_Init        stm32f4xx_usart.o
    0x08001b78   0x08001b78   0x0000000a   Code   RO         1391    i.USART_ReceiveData  stm32f4xx_usart.o
    0x08001b82   0x08001b82   0x00000004   Code   RO          185    i.UsageFault_Handler  stm32f4xx_it.o
    0x08001b86   0x08001b86   0x00000002   PAD
    0x08001b88   0x08001b88   0x000000bc   Code   RO          436    i.Usart1_Init       usart1.o
    0x08001c44   0x08001c44   0x00000004   Code   RO          797    i._sys_exit         usart.o
    0x08001c48   0x08001c48   0x0000003c   Code   RO          739    i.delay_init        delay.o
    0x08001c84   0x08001c84   0x00000038   Code   RO          740    i.delay_ms          delay.o
    0x08001cbc   0x08001cbc   0x0000004c   Code   RO          742    i.delay_xms         delay.o
    0x08001d08   0x08001d08   0x0000001c   Code   RO          798    i.fputc             usart.o
    0x08001d24   0x08001d24   0x0000003e   Code   RO          437    i.hextoDec          usart1.o
    0x08001d62   0x08001d62   0x00000002   PAD
    0x08001d64   0x08001d64   0x00000178   Code   RO            4    i.main              main.o
    0x08001edc   0x08001edc   0x0000008c   Code   RO          438    i.newdepth_jieshou  usart1.o
    0x08001f68   0x08001f68   0x0000000a   Code   RO         2321    x$fpl$fpinit        fz_wm.l(fpinit.o)
    0x08001f72   0x08001f72   0x00001e10   Data   RO          575    .constdata          oled.o
    0x08003d82   0x08003d82   0x00000002   PAD
    0x08003d84   0x08003d84   0x00000020   Data   RO         2387    Region$$Table       anon$$obj.o


    Execution Region RW_IRAM1 (Exec base: 0x20000000, Load base: 0x08003da4, Size: 0x00000b20, Max: 0x00020000, ABSOLUTE)

    Exec Addr    Load Addr    Size         Type   Attr      Idx    E Section Name        Object

    0x20000000   0x08003da4   0x00000010   Data   RW            5    .data               main.o
    0x20000010   0x08003db4   0x00000010   Data   RW          439    .data               usart1.o
    0x20000020   0x08003dc4   0x00000004   Data   RW          743    .data               delay.o
    0x20000024   0x08003dc8   0x00000006   Data   RW          800    .data               usart.o
    0x2000002a   0x08003dce   0x00000010   Data   RW         1036    .data               stm32f4xx_rcc.o
    0x2000003a   0x08003dde   0x00000002   PAD
    0x2000003c        -       0x00000480   Zero   RW          574    .bss                oled.o
    0x200004bc        -       0x00000060   Zero   RW         2263    .bss                c_w.l(libspace.o)
    0x2000051c   0x08003dde   0x00000004   PAD
    0x20000520        -       0x00000200   Zero   RW          833    HEAP                startup_stm32f40_41xxx.o
    0x20000720        -       0x00000400   Zero   RW          832    STACK               startup_stm32f40_41xxx.o


==============================================================================

Image component sizes


      Code (inc. data)   RO Data    RW Data    ZI Data      Debug   Object Name

       192         12          0          4          0       1972   delay.o
       332         18          0          0          0       1448   encoder.o
       130          6          0          0          0       1116   key.o
        64          4          0          0          0        539   led.o
       488         60          0         16          0     285986   main.o
       180         24          0          0          0       2081   misc.o
       220         24          0          0          0       1668   motor.o
      1468         64       7696          0       1152      10633   oled.o
        64         26        392          0       1536        848   startup_stm32f40_41xxx.o
       160         12          0          0          0       1501   stm32f4xx_exti.o
       222          0          0          0          0       2887   stm32f4xx_gpio.o
        26          0          0          0          0       4094   stm32f4xx_it.o
       392         48          0         16          0       5817   stm32f4xx_rcc.o
        64          4          0          0          0        656   stm32f4xx_syscfg.o
       902         38          0          0          0      12229   stm32f4xx_tim.o
       644         42          0          0          0       4957   stm32f4xx_usart.o
       340         32          0          0          0       1485   system_stm32f4xx.o
       312         16          0          0          0       1590   tim1.o
        32          6          0          6          0       2972   usart.o
       594         84          0         16          0       3497   usart1.o

    ----------------------------------------------------------------------
      6848        520       8122         60       2688     347976   Object Totals
         0          0         32          0          0          0   (incl. Generated)
        22          0          2          2          0          0   (incl. Padding)

    ----------------------------------------------------------------------

      Code (inc. data)   RO Data    RW Data    ZI Data      Debug   Library Member Name

         8          0          0          0          0         68   __main.o
       104          0          0          0          0         84   __printf.o
         0          0          0          0          0          0   __rtentry.o
        12          0          0          0          0          0   __rtentry2.o
         6          0          0          0          0          0   __rtentry4.o
        52          8          0          0          0          0   __scatter.o
        26          0          0          0          0          0   __scatter_copy.o
        28          0          0          0          0          0   __scatter_zi.o
        48          6          0          0          0         96   _printf_char_common.o
        36          4          0          0          0         80   _printf_char_file.o
         6          0          0          0          0          0   _printf_d.o
       120         16          0          0          0         92   _printf_dec.o
       178          0          0          0          0         88   _printf_intcommon.o
         0          0          0          0          0          0   _printf_percent.o
         4          0          0          0          0          0   _printf_percent_end.o
        18          0          0          0          0         80   exit.o
         8          0          0          0          0         68   ferror.o
         6          0          0          0          0        152   heapauxi.o
         2          0          0          0          0          0   libinit.o
         6          0          0          0          0          0   libinit2.o
         2          0          0          0          0          0   libshutdown.o
         2          0          0          0          0          0   libshutdown2.o
         8          4          0          0         96         68   libspace.o
        24          4          0          0          0         84   noretval__2printf.o
         2          0          0          0          0          0   rtexit.o
        10          0          0          0          0          0   rtexit2.o
        74          0          0          0          0         80   sys_stackheap_outer.o
         2          0          0          0          0         68   use_no_semi.o
         2          0          0          0          0         68   use_no_semi_2.o
        10          0          0          0          0        116   fpinit.o

    ----------------------------------------------------------------------
       810         42          0          0        100       1292   Library Totals
         6          0          0          0          4          0   (incl. Padding)

    ----------------------------------------------------------------------

      Code (inc. data)   RO Data    RW Data    ZI Data      Debug   Library Name

       794         42          0          0         96       1176   c_w.l
        10          0          0          0          0        116   fz_wm.l

    ----------------------------------------------------------------------
       810         42          0          0        100       1292   Library Totals

    ----------------------------------------------------------------------

==============================================================================


      Code (inc. data)   RO Data    RW Data    ZI Data      Debug   

      7658        562       8122         60       2788     340748   Grand Totals
      7658        562       8122         60       2788     340748   ELF Image Totals
      7658        562       8122         60          0          0   ROM Totals

==============================================================================

    Total RO  Size (Code + RO Data)                15780 (  15.41kB)
    Total RW  Size (RW Data + ZI Data)              2848 (   2.78kB)
    Total ROM Size (Code + RO Data + RW Data)      15840 (  15.47kB)

==============================================================================

