<html>
<body>
<pre>
<h1>µVision Build Log</h1>
<h2>Tool Versions:</h2>
IDE-Version: ¦ÌVision V5.38.0.0
Copyright (C) 2022 ARM Ltd and ARM Germany GmbH. All rights reserved.
License Information: Å·Ñô Á¢Èº, WaterQun, LIC=KIVNB-2F1Z2-GQC0H-W6Q6C-3ITF7-HC5RU
 
Tool Versions:
Toolchain:       MDK-ARM Professional  Version: 5.38.0.0
Toolchain Path:  C:\Users\WaterQun\AppData\Local\Keil_v5\ARM\ARMCC\Bin
C Compiler:      Armcc.exe V5.06 update 7 (build 960)
Assembler:       Armasm.exe V5.06 update 7 (build 960)
Linker/Locator:  ArmLink.exe V5.06 update 7 (build 960)
Library Manager: ArmAr.exe V5.06 update 7 (build 960)
Hex Converter:   FromElf.exe V5.06 update 7 (build 960)
CPU DLL:         SARMCM3.DLL V5.38.0.0
Dialog DLL:      DCM.DLL V1.17.5.0
Target DLL:      STLink\ST-LINKIII-KEIL_SWO.dll V3.1.0.0
Dialog DLL:      TCM.DLL V1.56.4.0
 
<h2>Project:</h2>
E:\Projects\depth2uart_realsense\2.Software\STM32F407\USER\LED.uvprojx
Project File Date:  02/09/2023

<h2>Output:</h2>
*** Using Compiler 'V5.06 update 7 (build 960)', folder: 'C:\Users\WaterQun\AppData\Local\Keil_v5\ARM\ARMCC\Bin'
Rebuild target 'LED'
compiling bsp_systick.c...
compiling bsp_rccclkconfig.c...
compiling tim1.c...
compiling encoder.c...
compiling tim3.c...
compiling motor.c...
compiling main.c...
compiling stm32f4xx_it.c...
compiling usart1.c...
compiling system_stm32f4xx.c...
compiling nvic.c...
compiling usart3.c...
compiling usart2.c...
assembling startup_stm32f40_41xxx.s...
compiling led.c...
compiling key.c...
compiling sys.c...
compiling misc.c...
compiling stm32f4xx_syscfg.c...
compiling oled.c...
compiling delay.c...
compiling usart.c...
compiling stm32f4xx_rcc.c...
compiling stm32f4xx_gpio.c...
compiling stm32f4xx_usart.c...
compiling stm32f4xx_tim.c...
compiling stm32f4xx_exti.c...
linking...
Program Size: Code=7658 RO-data=8122 RW-data=60 ZI-data=2788  
FromELF: creating hex file...
"..\OBJ\LED.axf" - 0 Error(s), 0 Warning(s).

<h2>Software Packages used:</h2>

Package Vendor: Keil
                http://www.keil.com/pack/Keil.STM32F4xx_DFP.2.16.0.pack
                Keil.STM32F4xx_DFP.2.16.0
                STMicroelectronics STM32F4 Series Device Support, Drivers and Examples

<h2>Collection of Component include folders:</h2>
  C:/Users/WaterQun/AppData/Local/Arm/Packs/Keil/STM32F4xx_DFP/2.16.0/Drivers/CMSIS/Device/ST/STM32F4xx/Include

<h2>Collection of Component Files used:</h2>
Build Time Elapsed:  00:00:03
</pre>
</body>
</html>
